ESQUERDA ESPERE POR NOS CORUJINHA!!!
DIREITA ESPERE POR NOS CORUJINHA!!!
Ahn? Acho que escolhemos o tunel errado...
Ahn? Acho que escolhemos o tunel errado...
ESQUERDA ESPERE POR NOS CORUJINHA!!!
DIREITA ESPERE POR NOS CORUJINHA!!!
DIREITA ESPERE POR NOS CORUJINHA!!!
ESQUERDA ESPERE POR NOS CORUJINHA!!!
DIREITA ESPERE POR NOS CORUJINHA!!!
ESQUERDA ESPERE POR NOS CORUJINHA!!!
ESQUERDA DIREITA ESPERE POR NOS CORUJINHA!!!
DIREITA ESQUERDA ESPERE POR NOS CORUJINHA!!!
Ahn? Acho que escolhemos o tunel errado...
Ahn? Acho que escolhemos o tunel errado...
Ahn? Acho que escolhemos o tunel errado...
Ahn? Acho que escolhemos o tunel errado...
ESQUERDA ESQUERDA ESPERE POR NOS CORUJINHA!!!
DIREITA DIREITA ESPERE POR NOS CORUJINHA!!!
ESQUERDA DIREITA ESPERE POR NOS CORUJINHA!!!
ESQUERDA ESQUERDA ESPERE POR NOS CORUJINHA!!!
DIREITA ESQUERDA ESPERE POR NOS CORUJINHA!!!
DIREITA DIREITA ESPERE POR NOS CORUJINHA!!!
Ahn? Acho que escolhemos o tunel errado...
Ahn? Acho que escolhemos o tunel errado...
ESQUERDA ESQUERDA ESPERE POR NOS CORUJINHA!!!
DIREITA DIREITA ESPERE POR NOS CORUJINHA!!!
ESQUERDA DIREITA ESPERE POR NOS CORUJINHA!!!
ESQUERDA DIREITA ESPERE POR NOS CORUJINHA!!!
ESQUERDA ESQUERDA ESQUERDA ESPERE POR NOS CORUJINHA!!!
DIREITA DIREITA DIREITA ESPERE POR NOS CORUJINHA!!!
ESQUERDA DIREITA ESQUERDA ESPERE POR NOS CORUJINHA!!!
DIREITA ESQUERDA DIREITA ESPERE POR NOS CORUJINHA!!!
Ahn? Acho que escolhemos o tunel errado...
Ahn? Acho que escolhemos o tunel errado...
Ahn? Acho que escolhemos o tunel errado...
Ahn? Acho que escolhemos o tunel errado...
ESQUERDA DIREITA ESQUERDA ESPERE POR NOS CORUJINHA!!!
Ahn? Acho que escolhemos o tunel errado...
Ahn? Acho que escolhemos o tunel errado...
Ahn? Acho que escolhemos o tunel errado...
Ahn? Acho que escolhemos o tunel errado...
Ahn? Acho que escolhemos o tunel errado...
ESQUERDA ESPERE POR NOS CORUJINHA!!!
DIREITA ESPERE POR NOS CORUJINHA!!!
ESQUERDA ESPERE POR NOS CORUJINHA!!!
DIREITA ESPERE POR NOS CORUJINHA!!!
ESQUERDA DIREITA ESPERE POR NOS CORUJINHA!!!
Ahn? Acho que escolhemos o tunel errado...
ESQUERDA ESQUERDA ESQUERDA ESPERE POR NOS CORUJINHA!!!
DIREITA DIREITA DIREITA ESPERE POR NOS CORUJINHA!!!
Ahn? Acho que escolhemos o tunel errado...
Ahn? Acho que escolhemos o tunel errado...
ESQUERDA ESPERE POR NOS CORUJINHA!!!
DIREITA ESPERE POR NOS CORUJINHA!!!
ESQUERDA DIREITA ESPERE POR NOS CORUJINHA!!!
DIREITA ESQUERDA ESPERE POR NOS CORUJINHA!!!
Ahn? Acho que escolhemos o tunel errado...
Ahn? Acho que escolhemos o tunel errado...
ESQUERDA ESQUERDA DIREITA DIREITA ESPERE POR NOS CORUJINHA!!!
ESQUERDA DIREITA ESQUERDA DIREITA ESQUERDA ESPERE POR NOS CORUJINHA!!!
Ahn? Acho que escolhemos o tunel errado...
Ahn? Acho que escolhemos o tunel errado...
DIREITA DIREITA ESPERE POR NOS CORUJINHA!!!
Ahn? Acho que escolhemos o tunel errado...
Ahn? Acho que escolhemos o tunel errado...
ESQUERDA ESQUERDA ESPERE POR NOS CORUJINHA!!!
DIREITA DIREITA ESPERE POR NOS CORUJINHA!!!
ESQUERDA ESPERE POR NOS CORUJINHA!!!
DIREITA ESPERE POR NOS CORUJINHA!!!
Ahn? Acho que escolhemos o tunel errado...
Ahn? Acho que escolhemos o tunel errado...
ESQUERDA DIREITA ESQUERDA ESPERE POR NOS CORUJINHA!!!
Ahn? Acho que escolhemos o tunel errado...
ESQUERDA ESPERE POR NOS CORUJINHA!!!
DIREITA ESPERE POR NOS CORUJINHA!!!
Ahn? Acho que escolhemos o tunel errado...
ESQUERDA ESQUERDA ESPERE POR NOS CORUJINHA!!!
ESQUERDA DIREITA ESQUERDA DIREITA ESPERE POR NOS CORUJINHA!!!
Ahn? Acho que escolhemos o tunel errado...
ESQUERDA ESQUERDA ESQUERDA ESQUERDA ESQUERDA ESPERE POR NOS CORUJINHA!!!
DIREITA DIREITA DIREITA DIREITA DIREITA ESPERE POR NOS CORUJINHA!!!
ESQUERDA ESPERE POR NOS CORUJINHA!!!
DIREITA ESPERE POR NOS CORUJINHA!!!
Ahn? Acho que escolhemos o tunel errado...
DIREITA ESQUERDA DIREITA ESQUERDA ESPERE POR NOS CORUJINHA!!!
ESQUERDA ESPERE POR NOS CORUJINHA!!!
DIREITA ESPERE POR NOS CORUJINHA!!!
Ahn? Acho que escolhemos o tunel errado...
Ahn? Acho que escolhemos o tunel errado...
ESQUERDA DIREITA ESPERE POR NOS CORUJINHA!!!
ESQUERDA ESPERE POR NOS CORUJINHA!!!
ESQUERDA DIREITA ESPERE POR NOS CORUJINHA!!!
Ahn? Acho que escolhemos o tunel errado...
DIREITA ESPERE POR NOS CORUJINHA!!!
ESQUERDA DIREITA ESQUERDA ESPERE POR NOS CORUJINHA!!!
ESQUERDA ESPERE POR NOS CORUJINHA!!!
DIREITA ESPERE POR NOS CORUJINHA!!!
Ahn? Acho que escolhemos o tunel errado...
ESQUERDA DIREITA DIREITA ESPERE POR NOS CORUJINHA!!!
ESQUERDA ESPERE POR NOS CORUJINHA!!!