EIII, pode terminar o cafezinho antes de começar a ler.
Baboseira, ta falando nada. com nada.
Baboseira, ta falando nada. com nada.
Baboseira, ta falando nada. com nada.
Baboseira, ta falando nada. com nada.
EIII, pode terminar o cafezinho antes de começar a ler.
EIII, pode terminar o cafezinho antes de começar a ler.
EIII, pode terminar o cafezinho antes de começar a ler.
EIII, pode terminar o cafezinho antes de começar a ler.
Baboseira, ta falando nada. com nada.
EIII, pode terminar o cafezinho antes de começar a ler.
EIII, pode terminar o cafezinho antes de começar a ler.
Baboseira, ta falando nada. com nada.
EIII, pode terminar o cafezinho antes de começar a ler.
Baboseira, ta falando nada. com nada.
EIII, pode terminar o cafezinho antes de começar a ler.
EIII, pode terminar o cafezinho antes de começar a ler.
Baboseira, ta falando nada. com nada.
EIII, pode terminar o cafezinho antes de começar a ler.
Baboseira, ta falando nada. com nada.
EIII, pode terminar o cafezinho antes de começar a ler.
Baboseira, ta falando nada. com nada.
EIII, pode terminar o cafezinho antes de começar a ler.
EIII, pode terminar o cafezinho antes de começar a ler.
EIII, pode terminar o cafezinho antes de começar a ler.
EIII, pode terminar o cafezinho antes de começar a ler.
EIII, pode terminar o cafezinho antes de começar a ler.
EIII, pode terminar o cafezinho antes de começar a ler.
Baboseira, ta falando nada. com nada.
Baboseira, ta falando nada. com nada.
