Simone: I'm the GOAT! Fiz 540 pontos!
Rebeca: A medalha de ouro eh do BRASIL! Fiz 540 pontos!
Simone: I'm the GOAT! Fiz 394 pontos!
Simone: I'm the GOAT! Fiz 515 pontos!
Rebeca: A medalha de ouro eh do BRASIL! Fiz 470 pontos!
Rebeca: A medalha de ouro eh do BRASIL! Fiz 536 pontos!
Simone: I'm the GOAT! Fiz 532 pontos!
Simone: I'm the GOAT! Fiz 536 pontos!
Rebeca: A medalha de ouro eh do BRASIL! Fiz 416 pontos!
Rebeca: A medalha de ouro eh do BRASIL! Fiz 434 pontos!
