Juizes: Empate tecnico com 390 pontos! Ambas brilharam!
Juizes: Empate tecnico com 396 pontos! Ambas brilharam!
Juizes: Empate tecnico com 402 pontos! Ambas brilharam!
Juizes: Empate tecnico com 408 pontos! Ambas brilharam!
Juizes: Empate tecnico com 414 pontos! Ambas brilharam!
Juizes: Empate tecnico com 420 pontos! Ambas brilharam!
Juizes: Empate tecnico com 426 pontos! Ambas brilharam!
Juizes: Empate tecnico com 432 pontos! Ambas brilharam!
