Epifania incompleta... O fluxo se perdeu.
Epifania incompleta... O fluxo se perdeu.
Epifania incompleta... O fluxo se perdeu.
Epifania incompleta... O fluxo se perdeu.
Epifania incompleta... O fluxo se perdeu.
Epifania incompleta... O fluxo se perdeu.
Epifania incompleta... O fluxo se perdeu.
Epifania incompleta... O fluxo se perdeu.
Epifania incompleta... O fluxo se perdeu.
Epifania incompleta... O fluxo se perdeu.