aaaaaaabbbbbbbbbccccccccccccdddddddeeeeffffffffggggggggggghhhhhhhhhhhiiiiiiiiijjjjjjjjjjjjkkkkkkkkkklllllllllmmmmmmmmnnnnnnnnnnnnnnnooooooooooooppppppppqqqqqqqrrrrrrrrrrrsssssssssstttttttttttttuuuuuuuuvvvvvvvvwwwwwwwwwwwwwwxxxxxxxxxxxyyyyyyyyyyyyyzzzzzzzzzqzzzzzzzzzyyyyyyyyyyyyyxxxxxxxxxxxwwwwwwwwwwwwwwvvvvvvvvuuuuuuuutttttttttttttssssssssssrrrrrrrrrrrqqqqqqqppppppppoooooooooooonnnnnnnnnnnnnnnmmmmmmmmlllllllllkkkkkkkkkkjjjjjjjjjjjjiiiiiiiiihhhhhhhhhhhgggggggggggffffffffeeeedddddddccccccccccccbbbbbbbbbaaaaaaa
aaaaaaabbbbbbbbbbbbcccccddddddddddddeeeeeeefffffffffffgggggggghhhhhiiiiiiijjjjjkkkkkllllllmmmmmmmnnnnnooooooooooppppqqqrrrrrrrrrsssssssttttttttttuuuuuuuuvvvvvvwwwwwwwxxxxxxxxxxxxxyyyyyyyzzzzzzzzzzxzzzzzzzzzzyyyyyyyxxxxxxxxxxxxxwwwwwwwvvvvvvuuuuuuuuttttttttttsssssssrrrrrrrrrqqqppppoooooooooonnnnnmmmmmmmllllllkkkkkjjjjjiiiiiiihhhhhggggggggfffffffffffeeeeeeeddddddddddddcccccbbbbbbbbbbbbaaaaaaa
aaabbbbbcccccccccdddddeeeeeeeeeffffffffffffffgghhhiiiiiijjjjjjkkkkkkklllllmmmmmmnnnnnnnooooooooooooopppppppppqqqqqrrrrrrrssssssttttttuuuuuuuuvvvvvwwwwwwwwxxxxxxxyyyyyyyyzzzzzzzezzzzzzzyyyyyyyyxxxxxxxwwwwwwwwvvvvvuuuuuuuuttttttssssssrrrrrrrqqqqqpppppppppooooooooooooonnnnnnnmmmmmmlllllkkkkkkkjjjjjjiiiiiihhhggffffffffffffffeeeeeeeeedddddcccccccccbbbbbaaa
aaaacdeeeffffgggghhhhhhhhiiijjkkkkllmmmnnoooppqqrrrssstuuvvvwwxxxyyzczyyxxxwwvvvuutsssrrrqqppooonnmmmllkkkkjjiiihhhhhhhhggggffffeeedcaaaa
aabbbbccceffggghhijllrrssssttttvwwwwwxxyyzlzyyxxwwwwwvttttssssrrlljihhgggffecccbbbbaa
aaaaaaaaaaaabbbbbbbbbcccccccccccdddddddddeeeeeeefffffffgggggggggghhhhhhhhhhhhhiiiiiiiiiijjjjjkkkkkkkkkkkkkkklllllllmmmmmmmmmmmmmmmmnnnnnoooooooooooooooooppppppppppppqqqqqqqqqqrrrrrrrrrssssssssttttttttuuuuuuuuuvvvvvwwwwwwwwwwwwxxxxxxxxxyyyyyyyyyyyyzzzzzzzzkzzzzzzzzyyyyyyyyyyyyxxxxxxxxxwwwwwwwwwwwwvvvvvuuuuuuuuuttttttttssssssssrrrrrrrrrqqqqqqqqqqppppppppppppooooooooooooooooonnnnnmmmmmmmmmmmmmmmmlllllllkkkkkkkkkkkkkkkjjjjjiiiiiiiiiihhhhhhhhhhhhhggggggggggfffffffeeeeeeedddddddddcccccccccccbbbbbbbbbaaaaaaaaaaaa
aaaaaaaaabbbbbbbccccccccdddddddddeefffffffgggggghhhhiiiiiiiiiijjjjjjjjkkklllmmmmmnnnnnoooooooooppppppqqqqqqqqrrrrrrrrrssttttttuuuuuuuuuuuvvvvvvvvwwwxxxxxyyyyzzzzbzzzzyyyyxxxxxwwwvvvvvvvvuuuuuuuuuuuttttttssrrrrrrrrrqqqqqqqqppppppooooooooonnnnnmmmmmlllkkkjjjjjjjjiiiiiiiiiihhhhggggggfffffffeedddddddddccccccccbbbbbbbaaaaaaaaa
aaaaaaaaaaaaaabbbbbbbbbbbccccccccdddddddddddeeeeeeeeeeeefffffffffffggggggggggggghhhhhhhhhiiiiiiiiiiiiiiiiiiiijjjjjjjjjjjjjjkkkkkkkkkkllllllllmmmmmmmmmmnnnnnnnnnnooooooooppppppppqqqqqqqqqqrrrrrrrsssssssssssstttttttttuuuuuuuuuuuuuvvvvvvvvvvwwwwwwwwwxxxxxxxxxxyyyyyyyyyyzzzzzzzzzzzlzzzzzzzzzzzyyyyyyyyyyxxxxxxxxxxwwwwwwwwwvvvvvvvvvvuuuuuuuuuuuuutttttttttssssssssssssrrrrrrrqqqqqqqqqqppppppppoooooooonnnnnnnnnnmmmmmmmmmmllllllllkkkkkkkkkkjjjjjjjjjjjjjjiiiiiiiiiiiiiiiiiiiihhhhhhhhhgggggggggggggfffffffffffeeeeeeeeeeeedddddddddddccccccccbbbbbbbbbbbaaaaaaaaaaaaaa
aaaaaaaaaaaabbbbbbbbbbbbbbbbbbbbcccccccccccccccdddddddddddddeeeeeeeeeeeeefffffffffffggggggggggggggghhhhhhhhhhiiiiiiiiiiiiijjjjjjjjjjjjjjjkkkkkkkkkkkkkkkkkkklllllllllllmmmmmmmmmmmmmmnnnnnnnnnnnnnnnnnnooooooooooooopppppppppppppqqqqqqqqqqqqqqrrrrrrrrrrrrrrrrrssssssssssssssssttttttttttuuuuuuuuuuuuuuuuuuuuuuvvvvvvvvvvvvvvvwwwwwwwwwwwwwwxxxxxxxxyyyyyyyyyyyyzzzzzzzzzzzzzzzzzzzuzzzzzzzzzzzzzzzzzzzyyyyyyyyyyyyxxxxxxxxwwwwwwwwwwwwwwvvvvvvvvvvvvvvvuuuuuuuuuuuuuuuuuuuuuuttttttttttssssssssssssssssrrrrrrrrrrrrrrrrrqqqqqqqqqqqqqqpppppppppppppooooooooooooonnnnnnnnnnnnnnnnnnmmmmmmmmmmmmmmlllllllllllkkkkkkkkkkkkkkkkkkkjjjjjjjjjjjjjjjiiiiiiiiiiiiihhhhhhhhhhgggggggggggggggfffffffffffeeeeeeeeeeeeedddddddddddddcccccccccccccccbbbbbbbbbbbbbbbbbbbbaaaaaaaaaaaa
aaaaaaaaaaaaaaaabbbbbbbbbbbbbccccccccccccdddddddddeeeeeeeeeeffffffffffgggggggggghhhhhhiiiiiiiijjjjjjjjjjkkkkkkkkkkkkkkllllllllmmmmmmmmnnnnnnnnnnnnooooopppppppppqqqqqqqqrrrrrrrrrrrrrssssssssssssttttttttttuuuuuuuuuuuuuvvvvvvvvwwwwwwwwwwwwwwwwwwwxxxxxxxxyyyyyyyzzzzzzzzrzzzzzzzzyyyyyyyxxxxxxxxwwwwwwwwwwwwwwwwwwwvvvvvvvvuuuuuuuuuuuuuttttttttttssssssssssssrrrrrrrrrrrrrqqqqqqqqpppppppppooooonnnnnnnnnnnnmmmmmmmmllllllllkkkkkkkkkkkkkkjjjjjjjjjjiiiiiiiihhhhhhggggggggggffffffffffeeeeeeeeeedddddddddccccccccccccbbbbbbbbbbbbbaaaaaaaaaaaaaaaa
aaaaaaaabbbbbbbbccccccddddddeeeeeeeeeeeeffffffffffgggggggggghhhhhhhhhhiiiijjjjjjjjkkkkkllllmmmmmmmnnnnnnnnnnooooopppppqqqqqqqqqqqqqrrrrrrrrrsssssstttttttttttuuuuuuuvwwwwwxxxxxxxxxxxxxyyyyzzzzzzzzzozzzzzzzzzyyyyxxxxxxxxxxxxxwwwwwvuuuuuuutttttttttttssssssrrrrrrrrrqqqqqqqqqqqqqpppppooooonnnnnnnnnnmmmmmmmllllkkkkkjjjjjjjjiiiihhhhhhhhhhggggggggggffffffffffeeeeeeeeeeeeddddddccccccbbbbbbbbaaaaaaaa
aaaaaaaaaaabbbbbbbbbbbbbbbbbbbccccccccccccccccddddddddeeeeeeeeffffffffffffffggggggggghhhhhhhhhhiiiiiiiiiiijjjjjjjjjjjjjjjjkkkkkkkkkkkklllllllllllllmmmmmmmmmnnnnnnoooooooooooopppppppppppqqqqqqqqqqqqqqqrrrrrrrrrrssssssstttttttuuuuuuuuuuuuuuvvvvvvvvvvvvvvvvvvvvvvvwwwwwwwwwwwwxxxxxxxxxxxxxxxxxyyyyyyyyyyzzzzzzzzzzzuzzzzzzzzzzzyyyyyyyyyyxxxxxxxxxxxxxxxxxwwwwwwwwwwwwvvvvvvvvvvvvvvvvvvvvvvvuuuuuuuuuuuuuutttttttsssssssrrrrrrrrrrqqqqqqqqqqqqqqqpppppppppppoooooooooooonnnnnnmmmmmmmmmlllllllllllllkkkkkkkkkkkkjjjjjjjjjjjjjjjjiiiiiiiiiiihhhhhhhhhhgggggggggffffffffffffffeeeeeeeeddddddddccccccccccccccccbbbbbbbbbbbbbbbbbbbaaaaaaaaaaa
aaabbdefffgghiiijjjllmmnnopsstttvwxzzazzxwvtttssponnmmlljjjiiihggfffedbbaaa
aaaaaabbbbccccccccccddddddeeeeeeeeeefffffffffffffggggggggggggghhhhhhhhhhhhhiiiiiijjjjjjjjjjkkkkklllllllmmmmnnnooooooppppppppqqqqqqqqqqqqqqrrrrrrrssssssttttttttttvvvvvvvvvvvvwwwxxxxxxxxyyyyyyyyyyyzzzzjzzzzyyyyyyyyyyyxxxxxxxxwwwvvvvvvvvvvvvttttttttttssssssrrrrrrrqqqqqqqqqqqqqqppppppppoooooonnnmmmmlllllllkkkkkjjjjjjjjjjiiiiiihhhhhhhhhhhhhgggggggggggggfffffffffffffeeeeeeeeeeddddddccccccccccbbbbaaaaaa
aaaaaaaaabbbbccccccccddddddddeeeeeeeeeeeeeffffggggghhhiiijjjjjjjjjjjkkkkkkklllllmmmmmmnnnnnnnnnnnnoooooopppppppqqqqqqqqqqqrrrrrrrrsssssstttttttuuuuuuvvvvvwwwwwwwwwxxxxxyyyyyyyyzzzzdzzzzyyyyyyyyxxxxxwwwwwwwwwvvvvvuuuuuutttttttssssssrrrrrrrrqqqqqqqqqqqpppppppoooooonnnnnnnnnnnnmmmmmmlllllkkkkkkkjjjjjjjjjjjiiihhhgggggffffeeeeeeeeeeeeeddddddddccccccccbbbbaaaaaaaaa
aaaaaaaaaaaabbbbbbbbbbbbbbccccccccccccccccccddddddddddddeeeeeeeeeeeeeeeeffffffffffffffffgggggggggggggggggghhhhhhhhhhiiiiiiiiiiiijjjjjjjjjkkkkkkkkkkkkkkkklllllllllllllmmmmmmmmmmmmmmmmmmmmmmmnnnnnnnnnnnnoooooooooooooooooooopppppppppppppqqqqqqqrrrrrrrrrrsssssssssssssssstttttttttttttuuuuuuuuuuvvvvvvvvvvvvvvwwwwwwwwwwwwxxxxxxxxxxxxxxxxxyyyyyyyyyyyyyyzzzzzzzzzzzzzhzzzzzzzzzzzzzyyyyyyyyyyyyyyxxxxxxxxxxxxxxxxxwwwwwwwwwwwwvvvvvvvvvvvvvvuuuuuuuuuutttttttttttttssssssssssssssssrrrrrrrrrrqqqqqqqpppppppppppppoooooooooooooooooooonnnnnnnnnnnnmmmmmmmmmmmmmmmmmmmmmmmlllllllllllllkkkkkkkkkkkkkkkkjjjjjjjjjiiiiiiiiiiiihhhhhhhhhhggggggggggggggggggffffffffffffffffeeeeeeeeeeeeeeeeddddddddddddccccccccccccccccccbbbbbbbbbbbbbbaaaaaaaaaaaa
aaaaaaaaaaaaaaabbbbbbbbbbcccccccccccccccccdddddddddddddeeeeeeeeeeeffffffffffggggggghhhhhhhhiiiiiiiiiiiiiiiiiijjjjjjjjjjjjjjjjjkkkkkkkkkkkkkkkkkkllllllllllllmmmmmmmmmmmmmmmmmmnnnnnnnnnnnnoooooooooopppppppppppppqqqqqqqqqqqqqqrrrrrrrrrrrrssssssssstttttttttttttttttttuuuuuuuuuuuuuuuuuuvvvvvvvvvvvvvvwwwwwwwwwwwwwxxxxxxxxxyyyyyyyyyyyyyyyyyzzzzzzzzzzzzzzzezzzzzzzzzzzzzzzyyyyyyyyyyyyyyyyyxxxxxxxxxwwwwwwwwwwwwwvvvvvvvvvvvvvvuuuuuuuuuuuuuuuuuutttttttttttttttttttsssssssssrrrrrrrrrrrrqqqqqqqqqqqqqqpppppppppppppoooooooooonnnnnnnnnnnnmmmmmmmmmmmmmmmmmmllllllllllllkkkkkkkkkkkkkkkkkkjjjjjjjjjjjjjjjjjiiiiiiiiiiiiiiiiiihhhhhhhhgggggggffffffffffeeeeeeeeeeedddddddddddddcccccccccccccccccbbbbbbbbbbaaaaaaaaaaaaaaa
aaaaaaaabbbbbbccccccddddeeeeefffffffggggggghhhhhiiiiiiijjjjkkkkllllllllmmmmmmmmmmmmnnnnnnooopppppppqqqqqqrrrrrrrssssstuuuuuuuuuvvvvvvvvwwwwwwwwwwxxxxxxxxxyyyyyyyyzzzzzzzzzzzwzzzzzzzzzzzyyyyyyyyxxxxxxxxxwwwwwwwwwwvvvvvvvvuuuuuuuuutsssssrrrrrrrqqqqqqpppppppooonnnnnnmmmmmmmmmmmmllllllllkkkkjjjjiiiiiiihhhhhgggggggfffffffeeeeeddddccccccbbbbbbaaaaaaaa
aaaaaaaaaaaaaaaaaabbbbbbccccccccccccccdddddddddddddddddeeeeeeeeeeeeefffffffffffgggggggggghhhhhhhhhhhhiiiiiiiijjjjjjjjjjkkkkkkkkkkkkkkkkllllllllllllllmmmmmmmmmmmnnnnnnnnnnnnnooooooooopppppppppppqqqqqqqqqqrrrrrrrrrrrrrrrrrrrrrrssssstttttttttttuuuuuuuvvvvvvvvvvvwwwwwwwxxxxxxxxxxxxxyyyyyyyyzzzzzzzzzzzzzzzzkzzzzzzzzzzzzzzzzyyyyyyyyxxxxxxxxxxxxxwwwwwwwvvvvvvvvvvvuuuuuuutttttttttttsssssrrrrrrrrrrrrrrrrrrrrrrqqqqqqqqqqpppppppppppooooooooonnnnnnnnnnnnnmmmmmmmmmmmllllllllllllllkkkkkkkkkkkkkkkkjjjjjjjjjjiiiiiiiihhhhhhhhhhhhggggggggggfffffffffffeeeeeeeeeeeeedddddddddddddddddccccccccccccccbbbbbbaaaaaaaaaaaaaaaaaa
aaaaabbbbbbccccccccddeeeeefffffgghhhiijjjkkkkkllllllmmmmmmnnnnoooppppppppqqqqqqqrrssttuuuuuvvwwwwwxxxxxxxyyyyyzzzzqzzzzyyyyyxxxxxxxwwwwwvvuuuuuttssrrqqqqqqqppppppppooonnnnmmmmmmllllllkkkkkjjjiihhhggfffffeeeeeddccccccccbbbbbbaaaaa
aaaaaabbbbbbbcccccccccccccdddddddeeeeeeeeeeeeeeefffffgggggggggggggghhhhhhhhhhhhhiiiiiijjjjjjjjjjjkkkkkkkkkkkkkkkkkklllllllllllmmmmmmmmmmnnnnnnnnnnooooooopppppppppppqqqqqqqqqqqqrrrrrrrrrsssssttttttttttuuuuuuuuuuuuuuuuvvvvvvvvvwwwwwwwwwxxxxxxxxxxxxyyyyyyyyyyyzzzzzzzzzzzazzzzzzzzzzzyyyyyyyyyyyxxxxxxxxxxxxwwwwwwwwwvvvvvvvvvuuuuuuuuuuuuuuuuttttttttttsssssrrrrrrrrrqqqqqqqqqqqqpppppppppppooooooonnnnnnnnnnmmmmmmmmmmlllllllllllkkkkkkkkkkkkkkkkkkjjjjjjjjjjjiiiiiihhhhhhhhhhhhhggggggggggggggfffffeeeeeeeeeeeeeeedddddddcccccccccccccbbbbbbbaaaaaa
aaaaaaaaaaaaaaaaaaaaabbbbbbbbbbbbbbbbbbbbbbbbbbbcccccccccccccddddddddddddddeeeeeeeeeeeeeeeeeeeeeeeffffffffffffffffffffggggggggggghhhhhhhhhhhhiiiiiiiiiiiiiiiiijjjjjjjjjjjjjjjjkkkkkkkkkkkkkkkkllllllllllllllllllllllmmmmmmmmmmmmmmmmnnnnnnnnnnnnnnnnnnoooooooooooppppppppppppqqqqqqqqqqqqqqqqqqrrrrrrrrrrrrrrrrrrrsssssssssssssssssstttttttttttttttuuuuuuuuuuuuuuuvvvvvvvvvvvwwwwwwwwwwwwwwwwxxxxxxxxxxxxxxxxyyyyyyyyyyyyyyzzzzzzzzzzzzzzzzzgzzzzzzzzzzzzzzzzzyyyyyyyyyyyyyyxxxxxxxxxxxxxxxxwwwwwwwwwwwwwwwwvvvvvvvvvvvuuuuuuuuuuuuuuutttttttttttttttssssssssssssssssssrrrrrrrrrrrrrrrrrrrqqqqqqqqqqqqqqqqqqppppppppppppooooooooooonnnnnnnnnnnnnnnnnnmmmmmmmmmmmmmmmmllllllllllllllllllllllkkkkkkkkkkkkkkkkjjjjjjjjjjjjjjjjiiiiiiiiiiiiiiiiihhhhhhhhhhhhgggggggggggffffffffffffffffffffeeeeeeeeeeeeeeeeeeeeeeeddddddddddddddcccccccccccccbbbbbbbbbbbbbbbbbbbbbbbbbbbaaaaaaaaaaaaaaaaaaaaa
aaaaaaaaaaabbbbbbbbbcccccccddddddddddeeeeeeeeeeeeeeeeeeffffffffgggggggggggggghhhhhhhhiiiiiiiiiiiiiijjjjjjjjjjjkkkkkkkkkkkkkkkkllllllllllllmmmmmmmmmmmnnnnnnnnnnooooooooppppppppppppqqqqqqqqqqqqqqqqqqqqqrrrrrrrrrrrssssssssssssttttttttttttuuuuuuuuuuuvvvvvvvvvvvvvvvwwwwwwwwwwwwwwwwxxxxxxxxyyyyyyyyyzzzzzzzzzzzzzzzdzzzzzzzzzzzzzzzyyyyyyyyyxxxxxxxxwwwwwwwwwwwwwwwwvvvvvvvvvvvvvvvuuuuuuuuuuuttttttttttttssssssssssssrrrrrrrrrrrqqqqqqqqqqqqqqqqqqqqqppppppppppppoooooooonnnnnnnnnnmmmmmmmmmmmllllllllllllkkkkkkkkkkkkkkkkjjjjjjjjjjjiiiiiiiiiiiiiihhhhhhhhggggggggggggggffffffffeeeeeeeeeeeeeeeeeeddddddddddcccccccbbbbbbbbbaaaaaaaaaaa
aaabbbbbccccddeeeeeefffgggghhhhiiiiiiijjjjkllllmmmmmmmnnnnnooooooooppppqqqqrsssssstuuuuuvvvvvvwwwwwwwxxyyzzzzhzzzzyyxxwwwwwwwvvvvvvuuuuutssssssrqqqqppppoooooooonnnnnmmmmmmmllllkjjjjiiiiiiihhhhggggfffeeeeeeddccccbbbbbaaa
abccccddeeefgiijjlmmooopqrrrsttuvwwxxxzzozzxxxwwvuttsrrrqpooommljjiigfeeeddccccba
aaaaaaaaaaaaaabbbbbbbbbbbbbbcccccdddddddddddddddeeeeeeeeeeeeeeeeeeeeeeffffffffffffffffgggggggggggggghhhhhhhhhiiiiiiiiiiiijjjjjjjjjjjjjjjjkkkkkkkkkkkkklllllllllllllllmmmmmmmmmmmmmnnnnnnnnnnnnoooooooooooooopppppppppppqqqqqqqqqqqqqqqqrrrrrrrrsssssssssssstttttttuuuuuuuuuuuuuuvvvvvvvvvvvvwwwwwwwwwwxxxxxxxxxxxxxxxxxyyyyyyyyyyyyyyyyzzzzzzzmzzzzzzzyyyyyyyyyyyyyyyyxxxxxxxxxxxxxxxxxwwwwwwwwwwvvvvvvvvvvvvuuuuuuuuuuuuuutttttttssssssssssssrrrrrrrrqqqqqqqqqqqqqqqqpppppppppppoooooooooooooonnnnnnnnnnnnmmmmmmmmmmmmmlllllllllllllllkkkkkkkkkkkkkjjjjjjjjjjjjjjjjiiiiiiiiiiiihhhhhhhhhggggggggggggggffffffffffffffffeeeeeeeeeeeeeeeeeeeeeedddddddddddddddcccccbbbbbbbbbbbbbbaaaaaaaaaaaaaa
aaaaaaaabbbbbbbcccccdddeeeefffffffffgggggggghhhhhiiiiiiijjjjjkkkkkkllllmmmmmmnnnnooooooppppqqqqqqqqqqqqqqqrrrrrrrrrrsssstttuuuuuuuuvvwwwwwwwwxxxxxxxyyyyyyyzzzzzzzzzqzzzzzzzzzyyyyyyyxxxxxxxwwwwwwwwvvuuuuuuuutttssssrrrrrrrrrrqqqqqqqqqqqqqqqppppoooooonnnnmmmmmmllllkkkkkkjjjjjiiiiiiihhhhhggggggggfffffffffeeeedddcccccbbbbbbbaaaaaaaa
aaaaaaabbbbbbbcccccddddeefffffffffffgggggghhhhhhhiiijjjjjjjjkkkkkllllllmmnnnnnnnnnooooooppppppqqqqqqqqqqqrrrrrrrsssssttttttttuuuvvvvwwwwwwwwwxxxxxxxxxxyyyyyyzzzzyzzzzyyyyyyxxxxxxxxxxwwwwwwwwwvvvvuuuttttttttsssssrrrrrrrqqqqqqqqqqqppppppoooooonnnnnnnnnmmllllllkkkkkjjjjjjjjiiihhhhhhhggggggfffffffffffeeddddcccccbbbbbbbaaaaaaa
bccdfgghhhmmnoppqqrrsstuvvwrwvvutssrrqqpponmmhhhggfdccb
aaaaaaaaabbbbbbbcccccccdddddddddeeeeffffffffffgggggghhhhhhhhiiiiiiiijjjjjjjkkkkkkllllllllmmmmnnnnnooooppppppppqqqqqrrrrrrrrrssssstttttttttuuuuuuvvvvwwwxxxxxxxxyyyyyyyyzzzztzzzzyyyyyyyyxxxxxxxxwwwvvvvuuuuuutttttttttsssssrrrrrrrrrqqqqqppppppppoooonnnnnmmmmllllllllkkkkkkjjjjjjjiiiiiiiihhhhhhhhggggggffffffffffeeeedddddddddcccccccbbbbbbbaaaaaaaaa
aaaaaabbbcccccccdddddddeeeeeeffffgggggggghhhhhhhhhhhhhiiiiiijkkkkklllmmmmmmmmnnnoppqqqqqqqqqrrrrrrrssssssttuuuuuuuuuuuuvvvvvwwwxxxxxxxxyyyyyzzzzzbzzzzzyyyyyxxxxxxxxwwwvvvvvuuuuuuuuuuuuttssssssrrrrrrrqqqqqqqqqpponnnmmmmmmmmlllkkkkkjiiiiiihhhhhhhhhhhhhggggggggffffeeeeeedddddddcccccccbbbaaaaaa
abbbbbcccccddddddeeeeefffffffggggghhhhhhhhiiiiiiiiiiiiiiiijjjjjjjkkkkkkkklllmmmmmmmmmmmnnnnnnnooooooooooopppppppppppqqqqqqqqrrrrrssssssstttttttttuuuuuuvvvvvvvvwwxxxxyyyzzzzzmzzzzzyyyxxxxwwvvvvvvvvuuuuuutttttttttsssssssrrrrrqqqqqqqqpppppppppppooooooooooonnnnnnnmmmmmmmmmmmlllkkkkkkkkjjjjjjjiiiiiiiiiiiiiiiihhhhhhhhgggggfffffffeeeeeddddddcccccbbbbba
aaaacccddfhijjjjkllnnnoqqrttuvzzfzzvuttrqqonnnllkjjjjihfddcccaaaa
aaaaaaaaaaaaaaaaabbbbbbbbbbbbbbcccccccccccccddddddddddddddeeeeeeeeeeeeeeeffffffffggggggggggggggggggghhhhhhhhhhhhiiiiiiiiiiiiiiiiijjjjjjjjjjjjjjkkkkkkkkkkkllllllllllllllmmmmmmmmmmmmmmmmmnnnnnnnnnnnnoooooooooooooooooooooopppppppppppqqqqqqqqqqqqrrrrrrrrrrrsssssssssssstttttttttttttttttttuuuuuuuuuuuuuuuuuvvvvvvvvvvvvvvvvvvvvvwwwwwwwwwwwwwwwwxxxxxxxxxxxxxxyyyyyyyyyzzzzzzzzzzzzzwzzzzzzzzzzzzzyyyyyyyyyxxxxxxxxxxxxxxwwwwwwwwwwwwwwwwvvvvvvvvvvvvvvvvvvvvvuuuuuuuuuuuuuuuuutttttttttttttttttttssssssssssssrrrrrrrrrrrqqqqqqqqqqqqpppppppppppoooooooooooooooooooooonnnnnnnnnnnnmmmmmmmmmmmmmmmmmllllllllllllllkkkkkkkkkkkjjjjjjjjjjjjjjiiiiiiiiiiiiiiiiihhhhhhhhhhhhgggggggggggggggggggffffffffeeeeeeeeeeeeeeeddddddddddddddcccccccccccccbbbbbbbbbbbbbbaaaaaaaaaaaaaaaaa
aaaaabbbbbcdddddeeeffgghhiiiiiijjjjjkkllmmmnnnnnopppqqrrstttttttuvvvvwwxxxxyyyyyzzzzmzzzzyyyyyxxxxwwvvvvutttttttsrrqqppponnnnnmmmllkkjjjjjiiiiiihhggffeeedddddcbbbbbaaaaa
aaaaaaaaaaaabbbbbbbbbbbcccccccddddddddeeeeeeeeeffffffgggggggghhhhhhhiiiijjjjjkkkkkkkklllllllllmmmmmmmnnnnnnnnnnnnooooooooooooopppppppppppppppppppqqqqqqqqqqqrrrrsssssssssstttuuuuuuuuuvvvvvvvvvwwwwxxxxxxxxxxyyyyyyyyyyyzzzzzzzzyzzzzzzzzyyyyyyyyyyyxxxxxxxxxxwwwwvvvvvvvvvuuuuuuuuutttssssssssssrrrrqqqqqqqqqqqpppppppppppppppppppooooooooooooonnnnnnnnnnnnmmmmmmmlllllllllkkkkkkkkjjjjjiiiihhhhhhhggggggggffffffeeeeeeeeeddddddddcccccccbbbbbbbbbbbaaaaaaaaaaaa
aaaaaaaaaaaaaaaabbbbbbbbbbbbbbcccccccccccccccccdddddddddddddddddeeeeeeeeeeeffffffffffffffffffggggggggggggggggghhhhhhhhhhhhhhhhhhhhiiiiiiiiiiiiiijjjjjjjjjjjjjjjkkkkkkkkllllllllllllllllllmmmmmmmmmmmmmmmmmmnnnnnnnnnnnnnnnnnnnoooooooooooppppppppppppqqqqqqqqqqqqqqqqqqqrrrrrrrrrrrrrrrrrrssssssssssssssssttttttttttttttttuuuuuuuuuvvvvvvvvvvvvvvvwwwwwwwwwwwwwwwwwwwwxxxxxxxxxxxyyyyyyyyyyyyzzzzzzzzzzzzzzxzzzzzzzzzzzzzzyyyyyyyyyyyyxxxxxxxxxxxwwwwwwwwwwwwwwwwwwwwvvvvvvvvvvvvvvvuuuuuuuuuttttttttttttttttssssssssssssssssrrrrrrrrrrrrrrrrrrqqqqqqqqqqqqqqqqqqqppppppppppppooooooooooonnnnnnnnnnnnnnnnnnnmmmmmmmmmmmmmmmmmmllllllllllllllllllkkkkkkkkjjjjjjjjjjjjjjjiiiiiiiiiiiiiihhhhhhhhhhhhhhhhhhhhgggggggggggggggggffffffffffffffffffeeeeeeeeeeedddddddddddddddddcccccccccccccccccbbbbbbbbbbbbbbaaaaaaaaaaaaaaaa
aaaacccddddeffgghhhhiijjjjllmmnnopppppqqqqrssssttttuuvvvvwwwwxxxxzzzzvzzzzxxxxwwwwvvvvuuttttssssrqqqqppppponnmmlljjjjiihhhhggffeddddcccaaaa
aaaaaaaaaaaaabbbbbbbbbbbbccccccccccccccccccccdddddddddeeeeeeeeeeeeeeeeeefffffffffffffffffffffffggggggggghhhhhhhhhhhhhhhhhhhiiiiiiiiiiiiiiiiiiiijjjjjjjjjjjjjjjjjjjjkkkkkkkkkklllllllllllllllmmmmmmmmmmmmmnnnnnnnnnnnnnnnnooooooooooooooooppppppppppppppqqqqqqqqqqqqqqqqqqqrrrrrrrrrrrrssssssssssssttttttttttttttuuuuuuuuuuuuuuuuvvvvvvvvvvvvvvvvvvwwwwwwwwwwwwwwwwxxxxxxxxxxxxxyyyyyyyyyyyyyyyyyyyyzzzzzzzzzzzzzzzozzzzzzzzzzzzzzzyyyyyyyyyyyyyyyyyyyyxxxxxxxxxxxxxwwwwwwwwwwwwwwwwvvvvvvvvvvvvvvvvvvuuuuuuuuuuuuuuuuttttttttttttttssssssssssssrrrrrrrrrrrrqqqqqqqqqqqqqqqqqqqppppppppppppppoooooooooooooooonnnnnnnnnnnnnnnnmmmmmmmmmmmmmlllllllllllllllkkkkkkkkkkjjjjjjjjjjjjjjjjjjjjiiiiiiiiiiiiiiiiiiiihhhhhhhhhhhhhhhhhhhgggggggggfffffffffffffffffffffffeeeeeeeeeeeeeeeeeedddddddddccccccccccccccccccccbbbbbbbbbbbbaaaaaaaaaaaaa
aaaaaaaaaaaaabbbbbbbbbbbbbbbcccccccddddddeeeeeefffffffffffffffffffgggggggghhhhhhhhhiiiiiiiiiiiiijjjjjjjjjjjkkkkkkkkkkkkllllllllllllmmmmmmmmmmnnnnnnnnnnnnnnnnnnnnoooooooooooooooooooppppppppqqqqqqqqqqrrrrrrrrssssssssssssstttttttttttttuuuuuuuuuuuuuuuuvvvvvvvvvvvvwwwwwwwwwwwwwwwxxxxxxxxxxxxyyyyyyyyyyyyyyyyyzzzzzzzzzzzzrzzzzzzzzzzzzyyyyyyyyyyyyyyyyyxxxxxxxxxxxxwwwwwwwwwwwwwwwvvvvvvvvvvvvuuuuuuuuuuuuuuuutttttttttttttsssssssssssssrrrrrrrrqqqqqqqqqqppppppppooooooooooooooooooonnnnnnnnnnnnnnnnnnnnmmmmmmmmmmllllllllllllkkkkkkkkkkkkjjjjjjjjjjjiiiiiiiiiiiiihhhhhhhhhggggggggfffffffffffffffffffeeeeeeddddddcccccccbbbbbbbbbbbbbbbaaaaaaaaaaaaa
aaaaaabbbbbbbbbcccccdddeeeeeeeeefffggghhhhhhiiiijjjjjjjkkkkllllmmmmmmnnnnooooooopppqqqqssssssstttttuuuuvvvvvwwwwxxxxxyyyyyyzzzzzxzzzzzyyyyyyxxxxxwwwwvvvvvuuuutttttsssssssqqqqpppooooooonnnnmmmmmmllllkkkkjjjjjjjiiiihhhhhhgggfffeeeeeeeeedddcccccbbbbbbbbbaaaaaa
aaaaaaaaaaaaabbbbbbbbbbbbbbccccccccccccdddddddddddddeeeeeeeeeefffffffffffffffffffffgggggggggggggggggggghhhhhhhhhhhhhhiiiiiiiiiiiiiiiiiiiiiiiijjjjjjjjjjjjjjjjjjkkkkkkkkkkkkkkkkkkkkkllllllllllllllllmmmmmmmmmmmmmmmmnnnnnnnnnnnnnnnnnnnnooooooooooooopppppppppppppqqqqqqqqqqqqqrrrrrrrrrrrrssssssssssssssssssttttttttttttttttttttttuuuuuuuuuuuuuuvvvvvvvvvvvvvwwwwwwwwwwwwxxxxxxxxxxxyyyyyyyyyyyyyyzzzzzzzzzzzzzzzzzzzszzzzzzzzzzzzzzzzzzzyyyyyyyyyyyyyyxxxxxxxxxxxwwwwwwwwwwwwvvvvvvvvvvvvvuuuuuuuuuuuuuuttttttttttttttttttttttssssssssssssssssssrrrrrrrrrrrrqqqqqqqqqqqqqpppppppppppppooooooooooooonnnnnnnnnnnnnnnnnnnnmmmmmmmmmmmmmmmmllllllllllllllllkkkkkkkkkkkkkkkkkkkkkjjjjjjjjjjjjjjjjjjiiiiiiiiiiiiiiiiiiiiiiiihhhhhhhhhhhhhhggggggggggggggggggggfffffffffffffffffffffeeeeeeeeeedddddddddddddccccccccccccbbbbbbbbbbbbbbaaaaaaaaaaaaa
aaaaaaaabbbbbbbbbbbbbbbbccccccccccccdddddddddddddddddddeeeeeeeeeeeeeefffffffffffffffgggggggggggggggggghhhhhhhhhhhhhhhhhiiiiiiijjjjjjjjjjjjkkkkkkkkklllllllllllllllllllmmmmmmmmmmmmnnnnnnnnnnnnnoooooooooooppppppppppppppqqqqqqqqqqqrrrrrrrrrrrrsssssssssssssssssssttttttttttttuuuuuuuuuuuuuuuuuuvvvvvvvvvvvvvwwwwwwwwwwwwwwwxxxxxxxxyyyyyyyyyyyyzzzzzzzzzzzzzzfzzzzzzzzzzzzzzyyyyyyyyyyyyxxxxxxxxwwwwwwwwwwwwwwwvvvvvvvvvvvvvuuuuuuuuuuuuuuuuuuttttttttttttsssssssssssssssssssrrrrrrrrrrrrqqqqqqqqqqqppppppppppppppooooooooooonnnnnnnnnnnnnmmmmmmmmmmmmlllllllllllllllllllkkkkkkkkkjjjjjjjjjjjjiiiiiiihhhhhhhhhhhhhhhhhggggggggggggggggggfffffffffffffffeeeeeeeeeeeeeedddddddddddddddddddccccccccccccbbbbbbbbbbbbbbbbaaaaaaaa
abccdddeeggghhiilmoooopppqrrrssttuvxyynyyxvuttssrrrqpppoooomliihhgggeedddccba
aaaaaaaaaaaaaaaabbbbbbcccccccccdddddddddddeeeeeeeeeeeeeeeeeeeeeffffffffffffffggggggggggggghhhhhhhhhhhhhhiiiiiiiiiiiiiiiiiijjjjjjjjjkkkkkkkkkkkkllllllllllllmmmmmmmmmmmmmmmmmmmmnnnnnnnnnnnnnnoooooooooooooooooooopppppppppppppppppqqqqqqqqqqqqqrrrrrrrrrrrrrrrrsssssssssssssssttttttttttuuuuuuuuuuuuuvvvvvvvvvvvvwwwwwwwwwwwwwwxxxxxxxxxxxxxxxxxxxyyyyyyyyyyyyyyyyyzzzzzzzzzzzzzzzzozzzzzzzzzzzzzzzzyyyyyyyyyyyyyyyyyxxxxxxxxxxxxxxxxxxxwwwwwwwwwwwwwwvvvvvvvvvvvvuuuuuuuuuuuuuttttttttttsssssssssssssssrrrrrrrrrrrrrrrrqqqqqqqqqqqqqpppppppppppppppppoooooooooooooooooooonnnnnnnnnnnnnnmmmmmmmmmmmmmmmmmmmmllllllllllllkkkkkkkkkkkkjjjjjjjjjiiiiiiiiiiiiiiiiiihhhhhhhhhhhhhhgggggggggggggffffffffffffffeeeeeeeeeeeeeeeeeeeeedddddddddddcccccccccbbbbbbaaaaaaaaaaaaaaaa
aaaaaaaaaaaaaaaaaabbbbbbbbbbbbbcccccccccccccddddddddddddeeeeeeeeeeeeeeeeffffffffffffffggggggggggggggghhhhhhhhhhhhhiiiiiiiijjjjjjjjjjjjjjjjkkkkkkklllllllllllllmmmmmmmnnnnnnooooooooooppppppppppppppqqqqqqqqqqqqqrrrrrrrrrrrrsssssssssssssstttttttttttuuuuuuuuuuuuuuuvvvvvvvvvvvvvwwwwwwwwwwwwwwwwwxxxxxxxxxxxxxxyyyyyyyyyyzzzzzzzzzzzzezzzzzzzzzzzzyyyyyyyyyyxxxxxxxxxxxxxxwwwwwwwwwwwwwwwwwvvvvvvvvvvvvvuuuuuuuuuuuuuuutttttttttttssssssssssssssrrrrrrrrrrrrqqqqqqqqqqqqqppppppppppppppoooooooooonnnnnnmmmmmmmlllllllllllllkkkkkkkjjjjjjjjjjjjjjjjiiiiiiiihhhhhhhhhhhhhgggggggggggggggffffffffffffffeeeeeeeeeeeeeeeeddddddddddddcccccccccccccbbbbbbbbbbbbbaaaaaaaaaaaaaaaaaa
aaaaaabbbbbbbbcccccccccdddddddddeeeeeeeeffffffffgggggggggghhhhhhhiiiiiiiiiijjjjjjjjjjkkkkkkklllllllllmmmmmmmmmnnnnnnnnnooooooppppppppqqqqqrrrrrrrsssssstttttttuuuuuvvvvvvvvwwwwwwwwxxxxxyyyyyyyzzzzzzzozzzzzzzyyyyyyyxxxxxwwwwwwwwvvvvvvvvuuuuutttttttssssssrrrrrrrqqqqqppppppppoooooonnnnnnnnnmmmmmmmmmlllllllllkkkkkkkjjjjjjjjjjiiiiiiiiiihhhhhhhggggggggggffffffffeeeeeeeedddddddddcccccccccbbbbbbbbaaaaaa
aaaaaaaaaaaaabbbbbbbbbbbbbbbbccccccccddeeeeeeeeefffffffffgggggggggggggggghhhhhhhiiiiiiiiiijjjjjjjjjkkkkkkkkkklllllllllllllmmmmmmmmmmmmnnnnnnnnnnnoooooooppppppppppqqqqqqqqrrrrrrrrrrrrrrssssssttttttttttuuuuuuuuuvvvvvvvvvvvwwwwwwwxxxxxxxxxxxyyyyyyzzzzzzzzvzzzzzzzzyyyyyyxxxxxxxxxxxwwwwwwwvvvvvvvvvvvuuuuuuuuuttttttttttssssssrrrrrrrrrrrrrrqqqqqqqqppppppppppooooooonnnnnnnnnnnmmmmmmmmmmmmlllllllllllllkkkkkkkkkkjjjjjjjjjiiiiiiiiiihhhhhhhggggggggggggggggfffffffffeeeeeeeeeddccccccccbbbbbbbbbbbbbbbbaaaaaaaaaaaaa
aaaabbbbbbcccccccddeeeefffgggggggghhhhhiiiiiijjjjjjjkkkkllllmmmmnnnnnnnnoooooopqqqqrrrrrrrssssssttttuuuuvvvvvvwwxxxxyyyzzzzzzizzzzzzyyyxxxxwwvvvvvvuuuuttttssssssrrrrrrrqqqqpoooooonnnnnnnnmmmmllllkkkkjjjjjjjiiiiiihhhhhggggggggfffeeeeddcccccccbbbbbbaaaa
aaaaaaaaaabbbbbbbbbbbbbbbcccccccccddddddddddddddddddeeeeeeeeeeeeeefffffffffffffffffffffggggggggggggggggggghhhhhhhhhhhiiiiiiiiiiiiiiiiijjjjjjjjjjjjjjjjjjjjjkkkkkkkkkkkkkkkllllllllllllllmmmmmmmmmmmmmmmmmmmmnnnnnnnnnnnnnoooooooooooopppppppppppqqqqqqqqqqqqrrrrrrrrrrrrrrrrrrssssssssssssssssssssssttttttttttttuuuuuuuuuuuuuuuuuvvvvvvvvvvvvvvvvvwwwwwwwwwwwwwwxxxxxxxxxxxxxyyyyyyyyyyyyzzzzzzzzzvzzzzzzzzzyyyyyyyyyyyyxxxxxxxxxxxxxwwwwwwwwwwwwwwvvvvvvvvvvvvvvvvvuuuuuuuuuuuuuuuuuttttttttttttssssssssssssssssssssssrrrrrrrrrrrrrrrrrrqqqqqqqqqqqqpppppppppppoooooooooooonnnnnnnnnnnnnmmmmmmmmmmmmmmmmmmmmllllllllllllllkkkkkkkkkkkkkkkjjjjjjjjjjjjjjjjjjjjjiiiiiiiiiiiiiiiiihhhhhhhhhhhgggggggggggggggggggfffffffffffffffffffffeeeeeeeeeeeeeeddddddddddddddddddcccccccccbbbbbbbbbbbbbbbaaaaaaaaaa
aaaaaaaaaaaaaaaaaaabbbbbbbbbbbbbbbbbbbbbbbbbcccccccccccccccccccdddddddddddddeeeeeeeeeeeeeeefffffffffffffffffgggggggggggggggghhhhhhhhhhhiiiiiiiiiiiiiiiiijjjjjjjjjjjjjkkkkkkkkkkkkkkkklllllllllllllllllllllmmmmmmmmmmmmmnnnnnnnnooooooooooooooppppppppppppppqqqqqqqqqqqqqqqqqqqqqqrrrrrrrrrrrrrrrrrrrrssssssssssssssssssstttttttttttttttuuuuuuuuuuuuuvvvvvvvvvvvvvvvwwwwwwwwwwwwwwxxxxxxxxxxxyyyyyyyyyzzzzzzzzzzzzzzzwzzzzzzzzzzzzzzzyyyyyyyyyxxxxxxxxxxxwwwwwwwwwwwwwwvvvvvvvvvvvvvvvuuuuuuuuuuuuutttttttttttttttsssssssssssssssssssrrrrrrrrrrrrrrrrrrrrqqqqqqqqqqqqqqqqqqqqqqppppppppppppppoooooooooooooonnnnnnnnmmmmmmmmmmmmmlllllllllllllllllllllkkkkkkkkkkkkkkkkjjjjjjjjjjjjjiiiiiiiiiiiiiiiiihhhhhhhhhhhggggggggggggggggfffffffffffffffffeeeeeeeeeeeeeeedddddddddddddcccccccccccccccccccbbbbbbbbbbbbbbbbbbbbbbbbbaaaaaaaaaaaaaaaaaaa
aaaaaaaaaaaaaaaaaaaaabbbbbbbbbcccccccccccdddddddddddeeeeeeeeeeeeeeffffffffffffffgggggggggghhhhhhhhhhiiiiiiiiijjjjjjjjjjkkkkkkkkkkkklllllllllllllllllmmmmmmmmmmmmmmnnnnnnnnnnnnoooooooooooopppppppppppppqqqqqqqqqqqrrrrrrrrssssssssssstttttttttttttttuuuuuuuuuuuuuuuuvvvvvvvvvvvvwwwwwwwwwwwwwwwwwxxxxxxxxxxyyyyyyyyyyyyyzzzzzzzzzzzzzzmzzzzzzzzzzzzzzyyyyyyyyyyyyyxxxxxxxxxxwwwwwwwwwwwwwwwwwvvvvvvvvvvvvuuuuuuuuuuuuuuuutttttttttttttttsssssssssssrrrrrrrrqqqqqqqqqqqpppppppppppppoooooooooooonnnnnnnnnnnnmmmmmmmmmmmmmmlllllllllllllllllkkkkkkkkkkkkjjjjjjjjjjiiiiiiiiihhhhhhhhhhggggggggggffffffffffffffeeeeeeeeeeeeeedddddddddddcccccccccccbbbbbbbbbaaaaaaaaaaaaaaaaaaaaa
aaaaaaaabbbbbbbcccccccccdddddddddeeeeeeeeeeeefffffffgggggggghhhhhhhhhhiiiiiiijjjjjjjjjjjjkkkkkkklllllllllmmmnnnnnnnooooooooooppppppppppqqqqqqqqqqrrrrrrrrssssssssstttuuuuuuuuuvvvvvvwwwwwwwwxxxxxxxxxyyyyyyyyyyzzzzzzzzzzzzjzzzzzzzzzzzzyyyyyyyyyyxxxxxxxxxwwwwwwwwvvvvvvuuuuuuuuutttsssssssssrrrrrrrrqqqqqqqqqqppppppppppoooooooooonnnnnnnmmmlllllllllkkkkkkkjjjjjjjjjjjjiiiiiiihhhhhhhhhhggggggggfffffffeeeeeeeeeeeedddddddddcccccccccbbbbbbbaaaaaaaa
aaaabbbbbbbbbbcccccccddddeeeeeeeeeefffffffffggggggggghhhhhhhhhhhhhhhhiiiiiiiiijjjjjjjjjjjkkkkkkkkkkkkllllllllllllllmmmmmmmmmmmmmnnnnnoooooooooooopppppppppppqqqqqqqqqrrrrrrrrrssssssttttttttttttttuuuuuuuuuuuuvvvvvvvvwwwwwwwwwxxxxxxxxxyyyyyyzzzzzyzzzzzyyyyyyxxxxxxxxxwwwwwwwwwvvvvvvvvuuuuuuuuuuuuttttttttttttttssssssrrrrrrrrrqqqqqqqqqpppppppppppoooooooooooonnnnnmmmmmmmmmmmmmllllllllllllllkkkkkkkkkkkkjjjjjjjjjjjiiiiiiiiihhhhhhhhhhhhhhhhgggggggggfffffffffeeeeeeeeeeddddcccccccbbbbbbbbbbaaaa
aaaaaaaaaaaaabbbcccccdddeeeeefffffffghhhhhhhiiiiijjkkkllllllllllmmnnnnnnnooopppqqqqqqqrrsssttuuuuuvvvvvvwwxxyyyyyyyzzzzzgzzzzzyyyyyyyxxwwvvvvvvuuuuuttsssrrqqqqqqqpppooonnnnnnnmmllllllllllkkkjjiiiiihhhhhhhgfffffffeeeeedddcccccbbbaaaaaaaaaaaaa
bccdfgghjklnnopqrrrstvvyzyvvtsrrrqponnlkjhggfdccb
cdeoorstvvkvvtsrooedc
aaaaaaaaaaaaaaaaaaabbbbbbbbbbbbbbbbbcccccccccccccddddddddddeeeeeeeeeeeeeeeffffffffffffffffgggggggggggggghhhhhhhhhhhhiiiiiiiiiiiiiiiiijjjjjjjjjjjjjjjkkkkkkkkkllllllllllllllllllllmmmmmmmmmmmmmmmmnnnnnnnnnnnoooooooopppppppppppppppppqqqqqqqqqqqqqqqqqrrrrrrrrrrsssssssssssssssttttttttttuuuuuuuuuvvvvvvvvvvvwwwwwwwwwwwwwwwwwwxxxxxxxxxxyyyyyyyyyyyyyyzzzzzzzzzzzzzwzzzzzzzzzzzzzyyyyyyyyyyyyyyxxxxxxxxxxwwwwwwwwwwwwwwwwwwvvvvvvvvvvvuuuuuuuuuttttttttttsssssssssssssssrrrrrrrrrrqqqqqqqqqqqqqqqqqpppppppppppppppppoooooooonnnnnnnnnnnmmmmmmmmmmmmmmmmllllllllllllllllllllkkkkkkkkkjjjjjjjjjjjjjjjiiiiiiiiiiiiiiiiihhhhhhhhhhhhggggggggggggggffffffffffffffffeeeeeeeeeeeeeeeddddddddddcccccccccccccbbbbbbbbbbbbbbbbbaaaaaaaaaaaaaaaaaaa
aaaccdefffiiijllmmmmnnooppqrsstttuuuuuvvxxxyylyyxxxvvuuuuutttssrqppoonnmmmmlljiiifffedccaaa
aaaabbbbcccccddddffgggggghhhiiiiijjjjjkkkkkklmnnnooooopqqqqrrrstttuuuvvvwwwxxxxxyyyyyzzzzzkzzzzzyyyyyxxxxxwwwvvvuuutttsrrrqqqqpooooonnnmlkkkkkkjjjjjiiiiihhhggggggffddddcccccbbbbaaaa
aaaaaaabbbbbccccccddddeeeeeffffghhhhiiiijjjjjkkkkkllllmmmmmnnnooppqqqqqrrrrrrrrsttttttuuvvvwwxxxxyyyyyzzzzzizzzzzyyyyyxxxxwwvvvuuttttttsrrrrrrrrqqqqqppoonnnmmmmmllllkkkkkjjjjjiiiihhhhgffffeeeeeddddccccccbbbbbaaaaaaa
aaaaaaaaaabbbbbbbbcccccccccccccddddddddeeeeeeeeeeeeeeeeefffffffffffffggggggggggggghhhhhhhhhhhhiiiiiiiiiiiiijjjjjjjjjkkkkkkllllllllllllmmmmmmmmmmmmmmnnnnnnnnnnnnnnoooooooooooooppppppppppppppppppqqqqqqqqqqqqrrrrrrrrrrrsssssssssstttttttttttttttttuuuuuuuuuuuuuuuvvvvvvvvvvwwwwwwwxxxxyyyyyyyyyyyyzzzzzzzzzzzzzvzzzzzzzzzzzzzyyyyyyyyyyyyxxxxwwwwwwwvvvvvvvvvvuuuuuuuuuuuuuuutttttttttttttttttssssssssssrrrrrrrrrrrqqqqqqqqqqqqppppppppppppppppppooooooooooooonnnnnnnnnnnnnnmmmmmmmmmmmmmmllllllllllllkkkkkkjjjjjjjjjiiiiiiiiiiiiihhhhhhhhhhhhgggggggggggggfffffffffffffeeeeeeeeeeeeeeeeeddddddddcccccccccccccbbbbbbbbaaaaaaaaaa
aaaaaaaaaaaaaaaaaaaabbbbbbbbbbbbbbbccccccccccdddddddddddddddddddddddeeeeeeeeeeeeeeeeefffffffffffffffffffgggggggggggggghhhhhhhhhhiiiiiiiiiiiiiiiijjjjjjjjjjjjjjjjjjkkkkkkkkkkkkkklllllllllllllllllllllmmmmmmmmmnnnnnnnnnnnnnnnnnoooooooooooooooooppppppppqqqqqqqqqqqrrrrrrrrrrrrrrrssssssssssssssstttttttttttttttuuuuuuuuuuvvvvvvvvvvvvvvvvwwwwwwwwwwwwwwxxxxxxxxxxxxxxxxxyyyyyyyyyyyyyyyyyyyyyyzzzzzzzzzzzzzzzzzzzszzzzzzzzzzzzzzzzzzzyyyyyyyyyyyyyyyyyyyyyyxxxxxxxxxxxxxxxxxwwwwwwwwwwwwwwvvvvvvvvvvvvvvvvuuuuuuuuuutttttttttttttttsssssssssssssssrrrrrrrrrrrrrrrqqqqqqqqqqqppppppppooooooooooooooooonnnnnnnnnnnnnnnnnmmmmmmmmmlllllllllllllllllllllkkkkkkkkkkkkkkjjjjjjjjjjjjjjjjjjiiiiiiiiiiiiiiiihhhhhhhhhhggggggggggggggfffffffffffffffffffeeeeeeeeeeeeeeeeedddddddddddddddddddddddccccccccccbbbbbbbbbbbbbbbaaaaaaaaaaaaaaaaaaaa
aaaaaaaaaaaabbbbbbbbbbccccccccdddddddddddeeeeeeeeeeeeefffffffffggggggggggghhhhhhhhhhiiiiiiiiiijjjjjjjjjkkkkkkkkkkkkkllllllllllllllllmmmmmmmmmmmmnnnnnnnoooooooooopppppppppqqqqqrrrrrrrrssssssssssstttttttttttttttuuuuuuvvvvvvwwwxxxxxxxxxyyyyyyyyyyyyyzzzzzzzzzzzzzzzvzzzzzzzzzzzzzzzyyyyyyyyyyyyyxxxxxxxxxwwwvvvvvvuuuuuutttttttttttttttsssssssssssrrrrrrrrqqqqqpppppppppoooooooooonnnnnnnmmmmmmmmmmmmllllllllllllllllkkkkkkkkkkkkkjjjjjjjjjiiiiiiiiiihhhhhhhhhhgggggggggggfffffffffeeeeeeeeeeeeedddddddddddccccccccbbbbbbbbbbaaaaaaaaaaaa
ehmsgsmhe
aabcccccddeeeefffggghhhiiijllmmnppppqqqrrrrsssttuuuvvwwxxxxyzzzzzzzzzzzyxxxxwwvvuuuttsssrrrrqqqppppnmmlljiiihhhgggfffeeeeddcccccbaa
aaaaaaaaaaabbbbbbbbbbbccccccccccddddddddddeeeeeeeeeeeeefffffffgggggggggggggggggggghhhhhhhhhhiiiiiiiiiijjjjjjjkkkkkkkkkkkkkkkkklllllllllllllmmmmmmmmmmmnnnnnnnnnnnnnnnooooooooooppppppppqqqqqqqqqqqqqqqqqrrrrrrsssssssssssssttttttttttuuuuuuuuuuuuvvvvvvvvvvwwwwwwwwwwxxxxxxxxxxyyyyyyyzzzzzzzzzzzzdzzzzzzzzzzzzyyyyyyyxxxxxxxxxxwwwwwwwwwwvvvvvvvvvvuuuuuuuuuuuuttttttttttsssssssssssssrrrrrrqqqqqqqqqqqqqqqqqppppppppoooooooooonnnnnnnnnnnnnnnmmmmmmmmmmmlllllllllllllkkkkkkkkkkkkkkkkkjjjjjjjiiiiiiiiiihhhhhhhhhhggggggggggggggggggggfffffffeeeeeeeeeeeeeddddddddddccccccccccbbbbbbbbbbbaaaaaaaaaaa
aaaaaaaaaaaaaaabbbbbbbbbbbbcccccccccccccccdddddddddddeeeeeeeeffffffffffgggggggggggghhhhhhhhhhhhhhhiiiiiiiiiiiiiiiiijjjjjjjjjjjkkkkkkkkkkkklllllllllllllmmmmmmmnnnnnnnnnooooooppppppppqqqqqqqqqqqqrrrrrrrrrrrrrsssssstttttttttuuuuuuvvvvvvvvvvvwwwwwwwwwwwwwwwwwwwwwxxxxxxxxxxyyyyyyyyyzzzzzzzzzzzkzzzzzzzzzzzyyyyyyyyyxxxxxxxxxxwwwwwwwwwwwwwwwwwwwwwvvvvvvvvvvvuuuuuutttttttttssssssrrrrrrrrrrrrrqqqqqqqqqqqqppppppppoooooonnnnnnnnnmmmmmmmlllllllllllllkkkkkkkkkkkkjjjjjjjjjjjiiiiiiiiiiiiiiiiihhhhhhhhhhhhhhhggggggggggggffffffffffeeeeeeeedddddddddddcccccccccccccccbbbbbbbbbbbbaaaaaaaaaaaaaaa
aacceeeefffffffghhhiiijjjklllmmnnnooppqqqqrsssttuwwwxxxxyyyyymyyyyyxxxxwwwuttsssrqqqqppoonnnmmlllkjjjiiihhhgfffffffeeeeccaa
aaaaaabbbbccdddeeeeeffffffffgggggghhhhhhhiiiiijjjjkkkkkkkklllllllllmmmmmmmmnnpppppqqqrrrrssssstttttttuuuuuvvvvwwwwxxxxxxyyyyzzzzzzzpzzzzzzzyyyyxxxxxxwwwwvvvvuuuuutttttttsssssrrrrqqqpppppnnmmmmmmmmlllllllllkkkkkkkkjjjjiiiiihhhhhhhggggggffffffffeeeeedddccbbbbaaaaaa
aaaaaaaaabbbbbbbbbbbbbbbbbbbbbccccccddddddddeeeeeeeeeeefffffffffffggggggggghhhhhhhhiiiiiiiiiiijjjjjjjkkkkkkkkkkklllllmmmmmmmmmmnnnnnnnnnnnnnnnnnnnoooooooooppppppppqqqqqqqqrrrrrssssssssssttttttttttttuuuuuuuuvvvvvvvvvvvwwwwwwwwwwwwxxxxxxxxxyyyyyyzzzzzzzztzzzzzzzzyyyyyyxxxxxxxxxwwwwwwwwwwwwvvvvvvvvvvvuuuuuuuuttttttttttttssssssssssrrrrrqqqqqqqqppppppppooooooooonnnnnnnnnnnnnnnnnnnmmmmmmmmmmlllllkkkkkkkkkkkjjjjjjjiiiiiiiiiiihhhhhhhhgggggggggfffffffffffeeeeeeeeeeeddddddddccccccbbbbbbbbbbbbbbbbbbbbbaaaaaaaaa
aabbbbbbccccddddddeeeeeeeefffgggggggghhhhiiiiiiiiijjjjkkkkkkkkkllllllmmmmmmmnnnnnnoooooppppppppppqqqqrrrrssstttttuuuvvvvwwwwwxxxxxxyyyyyyyzzzzzzzzzzmzzzzzzzzzzyyyyyyyxxxxxxwwwwwvvvvuuutttttsssrrrrqqqqppppppppppooooonnnnnnmmmmmmmllllllkkkkkkkkkjjjjiiiiiiiiihhhhggggggggfffeeeeeeeeddddddccccbbbbbbaa
aabcdeefggghhhhiiiklmmmmnnnoqrrrruuvvwwwxxyzzozzyxxwwwvvuurrrrqonnnmmmmlkiiihhhhgggfeedcbaa
