non
Ixi, essa daqui vai pra fogueira...
rrsrr
Ixi, essa daqui vai pra fogueira...
vwxvxwv
non
Ixi, essa daqui vai pra fogueira...
rrsrr
Ixi, essa daqui vai pra fogueira...
vwxvxwv
non
Ixi, essa daqui vai pra fogueira...
rrsrr
Ixi, essa daqui vai pra fogueira...
vwxvxwv
non
Ixi, essa daqui vai pra fogueira...
rrsrr
Ixi, essa daqui vai pra fogueira...
vwxvxwv
non
Ixi, essa daqui vai pra fogueira...
rrsrr
Ixi, essa daqui vai pra fogueira...
vwxvxwv
non
Ixi, essa daqui vai pra fogueira...
rrsrr
Ixi, essa daqui vai pra fogueira...
vwxvxwv
non
Ixi, essa daqui vai pra fogueira...
rrsrr
Ixi, essa daqui vai pra fogueira...
vwxvxwv
non
Ixi, essa daqui vai pra fogueira...
rrsrr
Ixi, essa daqui vai pra fogueira...
vwxvxwv
non
Ixi, essa daqui vai pra fogueira...
rrsrr
Ixi, essa daqui vai pra fogueira...
vwxvxwv
non
Ixi, essa daqui vai pra fogueira...
rrsrr
Ixi, essa daqui vai pra fogueira...
vwxvxwv
non
Ixi, essa daqui vai pra fogueira...
rrsrr
Ixi, essa daqui vai pra fogueira...
vwxvxwv
non
Ixi, essa daqui vai pra fogueira...
rrsrr
Ixi, essa daqui vai pra fogueira...
vwxvxwv
non
Ixi, essa daqui vai pra fogueira...
rrsrr
Ixi, essa daqui vai pra fogueira...
vwxvxwv
non
Ixi, essa daqui vai pra fogueira...
rrsrr
Ixi, essa daqui vai pra fogueira...
vwxvxwv
non
Ixi, essa daqui vai pra fogueira...
rrsrr
Ixi, essa daqui vai pra fogueira...
vwxvxwv
non
Ixi, essa daqui vai pra fogueira...
rrsrr
Ixi, essa daqui vai pra fogueira...
vwxvxwv
non
Ixi, essa daqui vai pra fogueira...
rrsrr
Ixi, essa daqui vai pra fogueira...
vwxvxwv
non
Ixi, essa daqui vai pra fogueira...
rrsrr
Ixi, essa daqui vai pra fogueira...
vwxvxwv
non
Ixi, essa daqui vai pra fogueira...
rrsrr
Ixi, essa daqui vai pra fogueira...
vwxvxwv
non
Ixi, essa daqui vai pra fogueira...
rrsrr
Ixi, essa daqui vai pra fogueira...
vwxvxwv
