Ixi, essa daqui vai pra fogueira...
Ixi, essa daqui vai pra fogueira...
Ixi, essa daqui vai pra fogueira...
Ixi, essa daqui vai pra fogueira...
Ixi, essa daqui vai pra fogueira...
Ixi, essa daqui vai pra fogueira...
Ixi, essa daqui vai pra fogueira...
Ixi, essa daqui vai pra fogueira...
Ixi, essa daqui vai pra fogueira...
Ixi, essa daqui vai pra fogueira...
Ixi, essa daqui vai pra fogueira...
Ixi, essa daqui vai pra fogueira...
Ixi, essa daqui vai pra fogueira...
Ixi, essa daqui vai pra fogueira...
Ixi, essa daqui vai pra fogueira...
Ixi, essa daqui vai pra fogueira...
Ixi, essa daqui vai pra fogueira...
Ixi, essa daqui vai pra fogueira...
Ixi, essa daqui vai pra fogueira...
Ixi, essa daqui vai pra fogueira...
Ixi, essa daqui vai pra fogueira...
Ixi, essa daqui vai pra fogueira...
Ixi, essa daqui vai pra fogueira...
Ixi, essa daqui vai pra fogueira...
Ixi, essa daqui vai pra fogueira...
Ixi, essa daqui vai pra fogueira...
Ixi, essa daqui vai pra fogueira...
Ixi, essa daqui vai pra fogueira...
Ixi, essa daqui vai pra fogueira...
Ixi, essa daqui vai pra fogueira...
Ixi, essa daqui vai pra fogueira...
Ixi, essa daqui vai pra fogueira...
Ixi, essa daqui vai pra fogueira...
Ixi, essa daqui vai pra fogueira...
Ixi, essa daqui vai pra fogueira...
Ixi, essa daqui vai pra fogueira...
Ixi, essa daqui vai pra fogueira...
Ixi, essa daqui vai pra fogueira...
Ixi, essa daqui vai pra fogueira...
Ixi, essa daqui vai pra fogueira...
Ixi, essa daqui vai pra fogueira...
Ixi, essa daqui vai pra fogueira...
Ixi, essa daqui vai pra fogueira...
Ixi, essa daqui vai pra fogueira...
