Ixi, essa daqui vai pra fogueira...
Ixi, essa daqui vai pra fogueira...
aaaaabbbbbbbbbbbbbcccccccddddddddddeeeeeeeeeffffffffgggggggggggggggghhhhhhhiiiiiiiiiiiijjjjjjjkkkkkkkkklllllllllllmmmmmmmnnnnnnnnnoooooooooppppppppppppppqqqqqqqqqqqqrrrrrrrrrssssssssssttttttttuuuuuuvvvvvvvvvvvvwwwwwwwwwwwwxxxxxxxxyyyyyyyyyyzzzzzzzzzzzzzzyyyyyyyyyyxxxxxxxxwwwwwwwwwwwwvvvvvvvvvvvvuuuuuuttttttttssssssssssrrrrrrrrrqqqqqqqqqqqqppppppppppppppooooooooonnnnnnnnnmmmmmmmlllllllllllkkkkkkkkkjjjjjjjiiiiiiiiiiiihhhhhhhggggggggggggggggffffffffeeeeeeeeeddddddddddcccccccbbbbbbbbbbbbbaaaaa
aabbbbccdddddeeeeeffghhhhhhiiklllmmnoopqqrsssttuvvwwxxxyyyzzzzyyyxxxwwvvuttsssrqqpoonmmlllkiihhhhhhgffeeeeedddddccbbbbaa
Ixi, essa daqui vai pra fogueira...
Ixi, essa daqui vai pra fogueira...
aaaaaaaaaaabbbbbbbbbbbbcccccccccccccddddddddddddddeeeeeeeeeeeeeeffffffffffffffffffgggggggggggghhhhhhhhhhhhhhhhhhhiiiiiiijjjjjjjjjjjjjjjjjkkkkkkkkkkkklllllllllllllmmmmmmmmmmmmmmmmmnnnnnnnnnnnnooooooooooooooppppppppppqqqqqqqqqqqqqqqqrrrrrrrrrrrrrrrrsssssssssstttttttttttttttttttttuuuuuuuuuuuuuuvvvvvvvvvvvvwwwwwwwwwwwwwwwwwwwwxxxxxxxxxxxyyyyyyyyyyyyyyyyzzzzzzzzzzzzzzzzzzzzzzzzyyyyyyyyyyyyyyyyxxxxxxxxxxxwwwwwwwwwwwwwwwwwwwwvvvvvvvvvvvvuuuuuuuuuuuuuutttttttttttttttttttttssssssssssrrrrrrrrrrrrrrrrqqqqqqqqqqqqqqqqppppppppppoooooooooooooonnnnnnnnnnnnmmmmmmmmmmmmmmmmmlllllllllllllkkkkkkkkkkkkjjjjjjjjjjjjjjjjjiiiiiiihhhhhhhhhhhhhhhhhhhggggggggggggffffffffffffffffffeeeeeeeeeeeeeeddddddddddddddcccccccccccccbbbbbbbbbbbbaaaaaaaaaaa
Ixi, essa daqui vai pra fogueira...
Ixi, essa daqui vai pra fogueira...
aaaaaaaabbbbbbcccdddddddeefffffffgggghhhhhhhiiiiiiiijjjjkkkkkkkkllllmmmmmmmooopppqqrrrssssssssssttttttttuuuuuvvvvvvvvvwwwwxxxxxxyyyyyyyyyzzzzzzzzzzzzyyyyyyyyyxxxxxxwwwwvvvvvvvvvuuuuuttttttttssssssssssrrrqqpppooommmmmmmllllkkkkkkkkjjjjiiiiiiiihhhhhhhggggfffffffeedddddddcccbbbbbbaaaaaaaa
Ixi, essa daqui vai pra fogueira...
Ixi, essa daqui vai pra fogueira...
aaaaaaabbbbbbbccccccccccdddddddeeeeeeefffffffggggggggghhhhhhhhhhiiiiiiiiiiijjjjjjkkkkkkkkkkkklllllllmmmmmmmmnnnnnnnnnnnnnnnoooooooopppppppppqqqqqqqqqqqqrrrrrrrrrrrrrrrssssssssssssttttttuuuuuuvvvvvvvvvvvvvvwwwwwwwwwwxxxxxxxxxyyyyyyyyyyyyyyyzzzzzzzzzzzzzzzzzzzzyyyyyyyyyyyyyyyxxxxxxxxxwwwwwwwwwwvvvvvvvvvvvvvvuuuuuuttttttssssssssssssrrrrrrrrrrrrrrrqqqqqqqqqqqqpppppppppoooooooonnnnnnnnnnnnnnnmmmmmmmmlllllllkkkkkkkkkkkkjjjjjjiiiiiiiiiiihhhhhhhhhhgggggggggfffffffeeeeeeedddddddccccccccccbbbbbbbaaaaaaa
Ixi, essa daqui vai pra fogueira...
aabdeeghjjklnoqstuwwxyyzzzzzzyyxwwutsqonlkjjhgeedbaa
aaaaaaaaaaaabbbbbbbbbbbcccccccccccccdddddddddddeeeeeeeeeeeeefffffffffffffffggggggggghhhhhhhhhhhhhhhiiiiiiiiiiiijjjjjjjjjjjjkkkkkkkkkkkkllllllmmmmmmmmmmmmnnnnnnnnnnnnnnnnnoooooooooooooooooooppppppppppppppppqqqqqqqqqqqqqrrrrrrrrrrrrrsssssssssssttttttttttttttuuuuuuuuuuuuuuvvvvvvvvvvvvvwwwwwwwwwwwwwwwxxxxxxxxxxxxxxyyyyyyyyyyyyyyyzzzzzzzzzzzzzzzzzzzzzzyyyyyyyyyyyyyyyxxxxxxxxxxxxxxwwwwwwwwwwwwwwwvvvvvvvvvvvvvuuuuuuuuuuuuuuttttttttttttttsssssssssssrrrrrrrrrrrrrqqqqqqqqqqqqqppppppppppppppppooooooooooooooooooonnnnnnnnnnnnnnnnnmmmmmmmmmmmmllllllkkkkkkkkkkkkjjjjjjjjjjjjiiiiiiiiiiiihhhhhhhhhhhhhhhgggggggggfffffffffffffffeeeeeeeeeeeeedddddddddddcccccccccccccbbbbbbbbbbbaaaaaaaaaaaa
Ixi, essa daqui vai pra fogueira...
aaaaaaaaaaaaabbbbbbbcccccccddddddddeeeeeeeeeffffffffgggggggggggggghhhhhhhhhhhiiiiiiiiiijjjjjjjjjjjjkkkkkkkkkkkkkkllllllllllllllmmmmmmnnnnnnnnnnnnooooooooooooooppppppppqqqqqqqqqqqqqrrrrrrrrrrsssssssssssttttttttttttuuuuuuuuuuuvvvvvvvvvwwwwwwxxxxxxxxyyyyyyyzzzzzzzzzzzzzzzzzzzzyyyyyyyxxxxxxxxwwwwwwvvvvvvvvvuuuuuuuuuuuttttttttttttsssssssssssrrrrrrrrrrqqqqqqqqqqqqqppppppppoooooooooooooonnnnnnnnnnnnmmmmmmllllllllllllllkkkkkkkkkkkkkkjjjjjjjjjjjjiiiiiiiiiihhhhhhhhhhhggggggggggggggffffffffeeeeeeeeeddddddddcccccccbbbbbbbaaaaaaaaaaaaa
aaaaaaaaaaaaaabbbbbbbbbbbbbccccccccddddddddddddeeeeeeeffffffffgggggggghhhhhhhhhhiiiiiiiiijjjjjjjjjkkkkkkkkklllllllmmmmmmmmmmmmmnnnnooooooooooopppppppqqqqqqqqqrrrrrrrrssssssssttttttttuuuuuuuuuuuvvvvvvvvwwwwwwwxxxxxyyyyyyyzzzzzzzzzzzzyyyyyyyxxxxxwwwwwwwvvvvvvvvuuuuuuuuuuuttttttttssssssssrrrrrrrrqqqqqqqqqpppppppooooooooooonnnnmmmmmmmmmmmmmlllllllkkkkkkkkkjjjjjjjjjiiiiiiiiihhhhhhhhhhggggggggffffffffeeeeeeeddddddddddddccccccccbbbbbbbbbbbbbaaaaaaaaaaaaaa
Ixi, essa daqui vai pra fogueira...
aaaaaaaaabbbbbbbbbbcccccccccddeeeeefffffggghhhiiiiiiijjjjklllnnnnnnnoopppppqqqrrrsssssttttuuuuvvwwwxxxxxxyyyyzzzzyyyyxxxxxxwwwvvuuuuttttsssssrrrqqqpppppoonnnnnnnlllkjjjjiiiiiiihhhgggfffffeeeeeddcccccccccbbbbbbbbbbaaaaaaaaa
Ixi, essa daqui vai pra fogueira...
Ixi, essa daqui vai pra fogueira...
Ixi, essa daqui vai pra fogueira...
aaabbbbcccccdddddeefffgghhhhiiiiiiiijjjjjkkkklllllmmmmnnnnnnooooppppppqqqqqqrrrrrrssssttttttuuuuuvvvvvwwwwxxxxxyyyyyyzzzzzzzzyyyyyyxxxxxwwwwvvvvvuuuuuttttttssssrrrrrrqqqqqqppppppoooonnnnnnmmmmlllllkkkkjjjjjiiiiiiiihhhhggfffeedddddcccccbbbbaaa
aaaaaaabbbbbcccccccccccdddddddddddddddddeeeeeeeeeffffffffgggggggggghhhhhhhhhhiiiiiiiiiiijjjjjjjjjkkkkkkkkkkkkkkllllllllllllmmmmnnnnnnnnnnnnooooooooooooppppppppppqqqqqqqqrrrrrrrrrrsssssssssstttttttttttttuuuuuuuuuuvvvvvvvvvvvvvwwwwwwwwwwwwwwxxxxxxxxxxxyyyyyyyyyyyyyyyyzzzzzzzzzzzzzzzzzzyyyyyyyyyyyyyyyyxxxxxxxxxxxwwwwwwwwwwwwwwvvvvvvvvvvvvvuuuuuuuuuutttttttttttttssssssssssrrrrrrrrrrqqqqqqqqppppppppppoooooooooooonnnnnnnnnnnnmmmmllllllllllllkkkkkkkkkkkkkkjjjjjjjjjiiiiiiiiiiihhhhhhhhhhggggggggggffffffffeeeeeeeeedddddddddddddddddcccccccccccbbbbbaaaaaaa
Ixi, essa daqui vai pra fogueira...
Ixi, essa daqui vai pra fogueira...
Ixi, essa daqui vai pra fogueira...
Ixi, essa daqui vai pra fogueira...
Ixi, essa daqui vai pra fogueira...
aaaaaaaaaaaabbbbbbccccccccccccddddddddddeeeeeeeefffffffgggggggghhhhhhiiiiiiiijjjjjjjjjjjjjjjkkkkkkklllllllmmmmmmmmmmnnnnnnnoooooooooooppqqqqqqqqqqqqqrrrrrrrrrrrrrrsssssssstttttuuuuuuuuuvvvwwwwwwwxxxxxxxxyyyyyyyyyyyzzzzzzzzzzzzzzzzzzzzyyyyyyyyyyyxxxxxxxxwwwwwwwvvvuuuuuuuuutttttssssssssrrrrrrrrrrrrrrqqqqqqqqqqqqqppooooooooooonnnnnnnmmmmmmmmmmlllllllkkkkkkkjjjjjjjjjjjjjjjiiiiiiiihhhhhhggggggggfffffffeeeeeeeeddddddddddccccccccccccbbbbbbaaaaaaaaaaaa
aaaaaaaabbbbbbbbcccdddddeeeefffffffgggggggggghhhiiiiiijjjjjjjjkkkkkklllmmmmmnnnnnnooooooooppppqqqqqqqrrrrrrsssttttttttuuuuuuuuuvvvvvwwwwwwxxxxxxxxxxxxxyyyyyyyzzzzzzzzzzzzzzyyyyyyyxxxxxxxxxxxxxwwwwwwvvvvvuuuuuuuuuttttttttsssrrrrrrqqqqqqqppppoooooooonnnnnnmmmmmlllkkkkkkjjjjjjjjiiiiiihhhggggggggggfffffffeeeedddddcccbbbbbbbbaaaaaaaa
Ixi, essa daqui vai pra fogueira...
aaaaaaaaaaaabbbbbbbbbbbbbbbcccccccccddddddddeeeeeeeeeeeeefffffffffffffgggggggghhhhhhhhhhhhiiiiiiiijjjjjjjjjjjjkkkkkkkkkkkkkkkklllllllllllllllmmmmmmmmmmmnnnnnnnnnooooooooopppppppppppqqqqqqqqqqqrrrrrrrrrrrsssssssssssssssttttttttttttttuuuuuuuuuuuuuuuuuuvvvvvvvvvvwwwwwwwwwwwwwwwwxxxxxxxxxyyyyyyyzzzzzzzzzzyyyyyyyxxxxxxxxxwwwwwwwwwwwwwwwwvvvvvvvvvvuuuuuuuuuuuuuuuuuuttttttttttttttsssssssssssssssrrrrrrrrrrrqqqqqqqqqqqpppppppppppooooooooonnnnnnnnnmmmmmmmmmmmlllllllllllllllkkkkkkkkkkkkkkkkjjjjjjjjjjjjiiiiiiiihhhhhhhhhhhhggggggggfffffffffffffeeeeeeeeeeeeeddddddddcccccccccbbbbbbbbbbbbbbbaaaaaaaaaaaa
aabbbbbccccdddddeeeeeeeeeffffffffgggggggghhiiiijjjjjklllllllllmmmnnnnnnnooooopppppqqqqqqqqrrrssssstttttttttuuuuvvvvvvvwwwwwxxyyyyzzzzzzzzzzzzzzzzyyyyxxwwwwwvvvvvvvuuuutttttttttsssssrrrqqqqqqqqpppppooooonnnnnnnmmmlllllllllkjjjjjiiiihhggggggggffffffffeeeeeeeeedddddccccbbbbbaa
adeeffhhhijkklmnnppqqrrssstuuuvvvxxxyzzyxxxvvvuuutsssrrqqppnnmlkkjihhhffeeda
aabbbbbbbcccdddddeeeeeeeeeffggghhiiiiijjjjkkkkkllllmmmmmmmnnooooooppqqqrrrrrrsssssttttttuuuuuuuvvvvvvvvvvwwwwwwxxxxyyyyyyyyyzzzzzzzzzzzzzzyyyyyyyyyxxxxwwwwwwvvvvvvvvvvuuuuuuuttttttsssssrrrrrrqqqppoooooonnmmmmmmmllllkkkkkjjjjiiiiihhgggffeeeeeeeeedddddcccbbbbbbbaa
Ixi, essa daqui vai pra fogueira...
Ixi, essa daqui vai pra fogueira...
aaaaaaabbbbbbbccccccccddddddddddeeefffffgggggggggghhhhhhhiiiiiiiiijjjjjkkkkkkkkkkkklllllllllllmnnnnoooooppppppqqqqqqqqqqrrrrrsssssssstttuuvvvvvvvvvwwwwwxxxxxxxxxxxyyyyyyzzzzzzzzzzyyyyyyxxxxxxxxxxxwwwwwvvvvvvvvvuutttssssssssrrrrrqqqqqqqqqqppppppooooonnnnmlllllllllllkkkkkkkkkkkkjjjjjiiiiiiiiihhhhhhhggggggggggfffffeeeddddddddddccccccccbbbbbbbaaaaaaa
Ixi, essa daqui vai pra fogueira...
aaabbbbbbcccccddeeeeffggghhhhiiiiijjjjjjkkkkkklllllmmmmmnnnnnnnnnnoooooppppqqqqqqqrrrrrrsssstttuuuuuvwwwwwxxxxxxxyyyyyyyzzzzyyyyyyyxxxxxxxwwwwwvuuuuutttssssrrrrrrqqqqqqqppppooooonnnnnnnnnnmmmmmlllllkkkkkkjjjjjjiiiiihhhhgggffeeeeddcccccbbbbbbaaa
Ixi, essa daqui vai pra fogueira...
Ixi, essa daqui vai pra fogueira...
Ixi, essa daqui vai pra fogueira...
Ixi, essa daqui vai pra fogueira...
Ixi, essa daqui vai pra fogueira...
aaaaaabbbbbcccdddeeeffffffffggggghhhhhiiiiiiijjjjkkkkkkkkklllllmmmmmmmnnnnnooooopppppppppppqqqqqqqrrrrrssttttuuuuuuuuuvvvvvwwwwwxxxxxyyyyyyyyyzzzzzzzzzzyyyyyyyyyxxxxxwwwwwvvvvvuuuuuuuuuttttssrrrrrqqqqqqqpppppppppppooooonnnnnmmmmmmmlllllkkkkkkkkkjjjjiiiiiiihhhhhgggggffffffffeeedddcccbbbbbaaaaaa
acccddddeegggghhiikkklllmmnoqrstttuvvvwxxyyzzzzyyxxwvvvutttsrqonmmlllkkkiihhggggeeddddccca
aaaaaaaaaaabbbbbbbbbbbbbbbbccccccccccccdddddddddddeeeeeeefffffffffffffffffffggggggggggggggghhhhhhhhhhhhhhhhhhhhhiiiiiiiiiiijjjjjjjjjjjjjjjjjjkkkkkkkkkkklllllllmmmmmmmmmmmmmmnnnnnnnnnnooooooooooopppqqqqqqqrrrrrrrrrssssssssssssttttttttttttttuuuuuuuuuuuuuuuuuvvvvvvvvvvvvvvvwwwwwwwxxxxxxxxxxxxxxxyyyyyyyyyyyyzzzzzzzzzzzzzzzzzzzzzzzzzzzzzzzzyyyyyyyyyyyyxxxxxxxxxxxxxxxwwwwwwwvvvvvvvvvvvvvvvuuuuuuuuuuuuuuuuuttttttttttttttssssssssssssrrrrrrrrrqqqqqqqpppooooooooooonnnnnnnnnnmmmmmmmmmmmmmmlllllllkkkkkkkkkkkjjjjjjjjjjjjjjjjjjiiiiiiiiiiihhhhhhhhhhhhhhhhhhhhhgggggggggggggggfffffffffffffffffffeeeeeeedddddddddddccccccccccccbbbbbbbbbbbbbbbbaaaaaaaaaaa
aaaaaaaaaabbbbbbbbbcccccccccccccccdddddddddddddddeeeeeffffffffffffffffgggggggggggghhhhhhhiiiiiiiiiijjjjjjjjjjjkkkkkllllllllllllmmmmmmmmmmmmmmmmmmnnnnnnnoooooooooooppppppppppppppqqqqqqqqqqqqqqrrrrrrrrrrrrssssssssssssssttttttuuuuuuuuuuuuvvvvvvvvvvvvvvvvvvwwwwwwwwwwwwwxxxxxxxxyyyyyyzzzzzzzzzzzzyyyyyyxxxxxxxxwwwwwwwwwwwwwvvvvvvvvvvvvvvvvvvuuuuuuuuuuuuttttttssssssssssssssrrrrrrrrrrrrqqqqqqqqqqqqqqppppppppppppppooooooooooonnnnnnnmmmmmmmmmmmmmmmmmmllllllllllllkkkkkjjjjjjjjjjjiiiiiiiiiihhhhhhhggggggggggggffffffffffffffffeeeeedddddddddddddddcccccccccccccccbbbbbbbbbaaaaaaaaaa
Ixi, essa daqui vai pra fogueira...
Ixi, essa daqui vai pra fogueira...
Ixi, essa daqui vai pra fogueira...
Ixi, essa daqui vai pra fogueira...
abbbcddddeeeefffffggghhjkkkkllmoopppqqqrrrstuuvvvvwwxxyyyyyzzzzzzzzyyyyyxxwwvvvvuutsrrrqqqpppoomllkkkkjhhgggfffffeeeeddddcbbba
aaaaaabbbbbbbbbcccccccccddddddeeefffffffffggggggghhhhhhhhiiiiiiiiiiiijjjjjjjkkkkkkkllllllllllllmmmmmmnnnnnnnooooooooopppppppqqqqqqqqqrrrsssssssssttttttttuuuvvvvvvvvvvvvwwwwwwxxxxxxyyyyyyyyzzzzzzyyyyyyyyxxxxxxwwwwwwvvvvvvvvvvvvuuuttttttttsssssssssrrrqqqqqqqqqpppppppooooooooonnnnnnnmmmmmmllllllllllllkkkkkkkjjjjjjjiiiiiiiiiiiihhhhhhhhgggggggfffffffffeeeddddddcccccccccbbbbbbbbbaaaaaa
Ixi, essa daqui vai pra fogueira...
aaaabbbbbbccccdddddeeeffggggghhhijjjjjkkkkklllmmnnnnnopppppqqqqqrrrrstuuuuvvwxyzzzzzzyxwvvuuuutsrrrrqqqqqppppponnnnnmmlllkkkkkjjjjjihhhgggggffeeedddddccccbbbbbbaaaa
aaaaaaabbbbbbccccccccddddddddddeeeeeeeefffffffffffggggggggggghhhhhhhiiiiiiiiiijjjjjjjjjjkkkkkkklllllllllmmmmmmmmmmmmmmmmnnnnnnoooooooopppppppppppqqqqqqqqqqqrrrrrrrrssssssstttttttttttttttuuuuuuuuuuvvvvvvvvvvvvvwwwwwwwwxxxxxxxxxxyyyyyyyyyyzzzzzzzzzzzzyyyyyyyyyyxxxxxxxxxxwwwwwwwwvvvvvvvvvvvvvuuuuuuuuuutttttttttttttttsssssssrrrrrrrrqqqqqqqqqqqpppppppppppoooooooonnnnnnmmmmmmmmmmmmmmmmlllllllllkkkkkkkjjjjjjjjjjiiiiiiiiiihhhhhhhgggggggggggfffffffffffeeeeeeeeddddddddddccccccccbbbbbbaaaaaaa
aaaaaaaaaabbbbbbbbcccccccccdddddddddddeeeeeeeeeeeeffffffffffgggggggghhhhhhhhhhhiiiiiiiiiijjjjjjjkkkkkkkkllllllllllmmmmmmmmmmnnnnnnnooooooooooooooppppppqqqqqqqqrrrrrrrrrrrrssstttuuuuuuuuvvvvvvvvwwwwwwwwxxxxxxyyyyyyyyyyyyyzzzzzzzzyyyyyyyyyyyyyxxxxxxwwwwwwwwvvvvvvvvuuuuuuuutttsssrrrrrrrrrrrrqqqqqqqqppppppoooooooooooooonnnnnnnmmmmmmmmmmllllllllllkkkkkkkkjjjjjjjiiiiiiiiiihhhhhhhhhhhggggggggffffffffffeeeeeeeeeeeedddddddddddcccccccccbbbbbbbbaaaaaaaaaa
Ixi, essa daqui vai pra fogueira...
Ixi, essa daqui vai pra fogueira...
Ixi, essa daqui vai pra fogueira...
Ixi, essa daqui vai pra fogueira...
aaaaabbbbbcccccccccdddddddeeeeeeeeeeeeeeeeeeeffffffffffgggggggggggggggghhhhhhhhhhiiiiiiiiiiiiijjjjjjjjjjjjjjjkkkkkkkkkkkkkkkllllllllllmmmmmmnnnnnnnnnnnnnnooooooppppppqqqqqqqqqqqrrrrrrrrrrrrrsssssssssssttttttuuuuuuuuuuvvvvvvvvvvwwwwwwwwwwwwwwxxxxxxxxxxxxxyyyzzzzzzzzzzzzzzzzzzzzzzzzzzzzzzyyyxxxxxxxxxxxxxwwwwwwwwwwwwwwvvvvvvvvvvuuuuuuuuuuttttttsssssssssssrrrrrrrrrrrrrqqqqqqqqqqqppppppoooooonnnnnnnnnnnnnnmmmmmmllllllllllkkkkkkkkkkkkkkkjjjjjjjjjjjjjjjiiiiiiiiiiiiihhhhhhhhhhggggggggggggggggffffffffffeeeeeeeeeeeeeeeeeeedddddddcccccccccbbbbbaaaaa
Ixi, essa daqui vai pra fogueira...
aaaaaaaaabbbbbbbcccccccccccddddddddddddeeeeeeeeeffffffgggggggggggghhhhhhiiiiiiiiiiiiiiijjjjjjjjjkkkkkkkllllllllmmmmmmmmmnnnnnnnooooooooooopppppppqqqqqqqqqqqqqqrrrrrssssssssttttttttttuuuuuuuuuvvvvvwwwwwwwwxxxxxxxxxxxyyyyyyzzzzzzzzzzzzzzzzyyyyyyxxxxxxxxxxxwwwwwwwwvvvvvuuuuuuuuuttttttttttssssssssrrrrrqqqqqqqqqqqqqqpppppppooooooooooonnnnnnnmmmmmmmmmllllllllkkkkkkkjjjjjjjjjiiiiiiiiiiiiiiihhhhhhggggggggggggffffffeeeeeeeeeddddddddddddcccccccccccbbbbbbbaaaaaaaaa
Ixi, essa daqui vai pra fogueira...
Ixi, essa daqui vai pra fogueira...
aaaaaabbbbbbbbbbbcccccccdddddddeeeeeeeeffffffffffffgggggggggggghhhhhiiiiiiiiiiijjjjjjjjjjjjkkkkkkkkkkklllllllllmmmmmmmmmmmnnnnnnnnnoooooooooooooopppppppppppqqqqqqqqqqrrrrrrrrsssssssssssssstttttttuuuuuuuuuvvvvvvvvvvvwwwwwwwwwwwwwwxxxxxxxxxxxyyyzzzzzzzzzzzzzzzzzzzzzzyyyxxxxxxxxxxxwwwwwwwwwwwwwwvvvvvvvvvvvuuuuuuuuutttttttssssssssssssssrrrrrrrrqqqqqqqqqqpppppppppppoooooooooooooonnnnnnnnnmmmmmmmmmmmlllllllllkkkkkkkkkkkjjjjjjjjjjjjiiiiiiiiiiihhhhhggggggggggggffffffffffffeeeeeeeedddddddcccccccbbbbbbbbbbbaaaaaa
Ixi, essa daqui vai pra fogueira...
Ixi, essa daqui vai pra fogueira...
Ixi, essa daqui vai pra fogueira...
Ixi, essa daqui vai pra fogueira...
Ixi, essa daqui vai pra fogueira...
Ixi, essa daqui vai pra fogueira...
Ixi, essa daqui vai pra fogueira...
Ixi, essa daqui vai pra fogueira...
Ixi, essa daqui vai pra fogueira...
abbbbbccccdeeeefgggghhhiiiijjjjkkkkkklllllmmmmmmnnnnnnnnoooppppqrrsstuuuuvvvvvwwwxxxyyzzzzzzyyxxxwwwvvvvvuuuutssrrqppppooonnnnnnnnmmmmmmlllllkkkkkkjjjjiiiihhhggggfeeeedccccbbbbba
Ixi, essa daqui vai pra fogueira...
aaaaaaaaaabbbbbbbcccccddddeeeeeeeeeeeeeffffffffggggggggggghhhhhhhhhhhhhhhiiiiijjjjjjjjjjjjkkkkkkkllllllmmmmmmmmnnnnnnnnnooooooppppppppppppppppqqqqqqqrrrrrrrrrssssssssstttttttuuuuuuuuvvvvvvvwwwwwwwwwwwxxxxyyyyyyyzzzzzzzzzzzzzzzzyyyyyyyxxxxwwwwwwwwwwwvvvvvvvuuuuuuuutttttttsssssssssrrrrrrrrrqqqqqqqppppppppppppppppoooooonnnnnnnnnmmmmmmmmllllllkkkkkkkjjjjjjjjjjjjiiiiihhhhhhhhhhhhhhhgggggggggggffffffffeeeeeeeeeeeeeddddcccccbbbbbbbaaaaaaaaaa
Ixi, essa daqui vai pra fogueira...
aaaaaaabbbcdddddddeeffffffgggggghhhhhhiijjjjkkkllmmmmmnoopppppqqqqqqqqqrrrrssssttttuuvwwwwwxxxxyyyyzzyyyyxxxxwwwwwvuuttttssssrrrrqqqqqqqqqpppppoonmmmmmllkkkjjjjiihhhhhhggggggffffffeedddddddcbbbaaaaaaa
Ixi, essa daqui vai pra fogueira...
