aaaabbbbbbccccccddeeeeffffghhhhiiiijjjjjkkkkllllmmmmmnnnnoooooppppqqqqrrrrrrrssstttuuuuuuvvvwwwwwwxxxxyyyyzzyyyyxxxxwwwwwwvvvuuuuuutttsssrrrrrrrqqqqppppooooonnnnmmmmmllllkkkkjjjjjiiiihhhhgffffeeeeddccccccbbbbbbaaaa
aaaaaaaaaabbbbbbbbbbccccccccccccccddddddddddeeeeeeeeeeeffffffffggggghhhhhiiiiiijjjjjjjjkkklllllllllllmmmmmmnnnnooooopppppqqqqqqrrrrrrrrssssssttttttttttttuuuuuuuuuuuvvvvwwwwwwxxxxyyyyyyzzzzzzzzzzzzzzzzyyyyyyxxxxwwwwwwvvvvuuuuuuuuuuuttttttttttttssssssrrrrrrrrqqqqqqpppppooooonnnnmmmmmmlllllllllllkkkjjjjjjjjiiiiiihhhhhgggggffffffffeeeeeeeeeeeddddddddddccccccccccccccbbbbbbbbbbaaaaaaaaaa
aaaaaaaaaaabbbbbbbbbbbbbbbbbbccccccccccccccddddddddddeeeeeeeeeeefffffffffffgggggggggghhhhhiiiiiiiiiiiiiijjjjjjjjjjjjjjjkkkkkkkkllllllllllllmmmmmmmmmmmmnnnnnnnnnnnnnoooooppppppppppppppqqqqqqqqqqqqqqqqqqqrrrrrrrrsssssssstttttttttuuuuuuuuuuuvvvvvvvvvvvvvvwwwwwwwwwwwwwwwxxxxxxxxxxxxxxxxxxxyyyyyyyyyzzzzzzzzzzzzzzzzzzzzyyyyyyyyyxxxxxxxxxxxxxxxxxxxwwwwwwwwwwwwwwwvvvvvvvvvvvvvvuuuuuuuuuuutttttttttssssssssrrrrrrrrqqqqqqqqqqqqqqqqqqqppppppppppppppooooonnnnnnnnnnnnnmmmmmmmmmmmmllllllllllllkkkkkkkkjjjjjjjjjjjjjjjiiiiiiiiiiiiiihhhhhggggggggggfffffffffffeeeeeeeeeeeddddddddddccccccccccccccbbbbbbbbbbbbbbbbbbaaaaaaaaaaa
aaaaaaaaabbbbbbbbbbbbbbbccccccccccccccccdddddddddddddddddddeeeeeeeffffffffffgggggggggghhhhhhhhhhhhiiiiiiiiijjjjjjjjjjjjjjjjjjjkkkkkkkkklllllllllllmmmmmmmmmmmnnnnnnnnnooooooooooooooooooppppppppqqqqqqqqqrrrrrrrrrrrrrsssssssssssssstttttttttttttuuuuuuuuuuuuuvvvvvvvvwwwwwwwwwwwxxxxxxxyyyyyyyyyyzzzzzzzzzzzzzzzzzzzzzzzzyyyyyyyyyyxxxxxxxwwwwwwwwwwwvvvvvvvvuuuuuuuuuuuuutttttttttttttssssssssssssssrrrrrrrrrrrrrqqqqqqqqqppppppppoooooooooooooooooonnnnnnnnnmmmmmmmmmmmlllllllllllkkkkkkkkkjjjjjjjjjjjjjjjjjjjiiiiiiiiihhhhhhhhhhhhggggggggggffffffffffeeeeeeedddddddddddddddddddccccccccccccccccbbbbbbbbbbbbbbbaaaaaaaaa
aaaaaabbbbbbbbbcccccccccccccccdddddddddddddddeeeeeeeeeffffffffffffffffggggggggghhhhhhhhiiiiiiiiiiiijjjjjjjjjjjjjkkkkkkkklllllllllllllllllllmmmmmmmmmmmmnnnnnnnnnooooooooooooooopppppppppppqqqqqqqqqqrrrrrrrrrssssssstttttttttttttttuuuuuuuuuuvvvvvvvvwwwwwwwwwwwwxxxxxxxxxxxxxxyyyyyyyyyyyyyyzzzzzzzzzzzzzzzzzzzzzzzzzzyyyyyyyyyyyyyyxxxxxxxxxxxxxxwwwwwwwwwwwwvvvvvvvvuuuuuuuuuutttttttttttttttsssssssrrrrrrrrrqqqqqqqqqqpppppppppppooooooooooooooonnnnnnnnnmmmmmmmmmmmmlllllllllllllllllllkkkkkkkkjjjjjjjjjjjjjiiiiiiiiiiiihhhhhhhhgggggggggffffffffffffffffeeeeeeeeedddddddddddddddcccccccccccccccbbbbbbbbbaaaaaa
aaaaaaaaaaaaaaaabbbbbbbbbbbbbbbbbbcccccccccccdddddddddddeeeeeeeeeeeeeeefffffffggggggggggggggggggghhhhhhhhiiiiiiiiiiiiiiiiiiijjjjjjjjjjjjkkkkkkkkkkklllllllllllllmmmmmmmmmmmmmmnnnnnnnnnnnnnoooooooooooooppppppppppppqqqqqqqqqqqqqqqqrrrrrrrrrrrrrrrrssssssssssssssssssssssstttttttttuuuuuuuuuuuuuuvvvvvvvvvvvvvvwwwwwwwwwxxxxxxxxxxxxxxyyyyyyyyyyyyyyzzzzzzzzzzzzzzzzzzzzzzzzzzzzzzzzzzyyyyyyyyyyyyyyxxxxxxxxxxxxxxwwwwwwwwwvvvvvvvvvvvvvvuuuuuuuuuuuuuutttttttttsssssssssssssssssssssssrrrrrrrrrrrrrrrrqqqqqqqqqqqqqqqqppppppppppppooooooooooooonnnnnnnnnnnnnmmmmmmmmmmmmmmlllllllllllllkkkkkkkkkkkjjjjjjjjjjjjiiiiiiiiiiiiiiiiiiihhhhhhhhgggggggggggggggggggfffffffeeeeeeeeeeeeeeedddddddddddcccccccccccbbbbbbbbbbbbbbbbbbaaaaaaaaaaaaaaaa
aaabbbccccccddeeeeeeffffgggiiijjkkklmmmnnnooooooppppqqqqqqrrrsssssstttuuuuvvvvvwwxxzzzzzzxxwwvvvvvuuuutttssssssrrrqqqqqqppppoooooonnnmmmlkkkjjiiigggffffeeeeeeddccccccbbbaaa
aaaaaaabbbbbbbbcccccccccdddddddeeeeeeeefffffggggggggghhhhhiiiiijjjjjjjjjjjjkkkkkkkkkklllllmmmmmmmmmnnnnnoooooooooooppppppppppqqqqrrrrrrsssssttttttuuuuvvvvvvvwwwwwwwwwwxxxxyyyyyyyyzzzzzzzzzzzzyyyyyyyyxxxxwwwwwwwwwwvvvvvvvuuuuttttttsssssrrrrrrqqqqppppppppppooooooooooonnnnnmmmmmmmmmlllllkkkkkkkkkkjjjjjjjjjjjjiiiiihhhhhgggggggggfffffeeeeeeeedddddddcccccccccbbbbbbbbaaaaaaa
aaaaaaaaaaaaabbbbbbbbbbbbbbbbbbbbccccccccccccddddddddddddddddddeeeeeeeeeeeeeffffffffffffggggggggghhhhhhhhhhhhhiiiiiiijjjjjjjjjjjjjjjkkkkkkkkkkkkkkkkllllllllllllllllmmmmmmmmmmmmmmmmmmmmnnnnnnnnnnnnnnnooooooooooppppppppppqqqqqqqqqqqqqrrrrrrrrrrrrrrrsssssssssssssttttttttttttuuuuuuuuuuuuuvvvvvvvvvvvvvwwwwwwwwwwwwwwxxxxxxxxxxxxxxxxxxxxyyyyyyyyzzzzzzzzzzzzzzzzzzzzzzzzzzyyyyyyyyxxxxxxxxxxxxxxxxxxxxwwwwwwwwwwwwwwvvvvvvvvvvvvvuuuuuuuuuuuuuttttttttttttsssssssssssssrrrrrrrrrrrrrrrqqqqqqqqqqqqqppppppppppoooooooooonnnnnnnnnnnnnnnmmmmmmmmmmmmmmmmmmmmllllllllllllllllkkkkkkkkkkkkkkkkjjjjjjjjjjjjjjjiiiiiiihhhhhhhhhhhhhgggggggggffffffffffffeeeeeeeeeeeeeddddddddddddddddddccccccccccccbbbbbbbbbbbbbbbbbbbbaaaaaaaaaaaaa
aaaaaabbbbbbbbbbcccccccdddddeeeeeeeeeffgggggghhhhhhhhiiiijjjjjjjjkkkkllmmmmmmmmnnnooooooooopppppppqqqqqqqqqrrrrrrrrrssssttttuuuuuuuvvvvvvvvvvvwwwwwwwwwwxxxxxxyyyyzzzzzzzzzzzzyyyyxxxxxxwwwwwwwwwwvvvvvvvvvvvuuuuuuuttttssssrrrrrrrrrqqqqqqqqqpppppppooooooooonnnmmmmmmmmllkkkkjjjjjjjjiiiihhhhhhhhggggggffeeeeeeeeedddddcccccccbbbbbbbbbbaaaaaa
aaaaaaaaaaaaaaabbbbbbbbbbbbcccccccccccccddddddddddddddeeeeeeefffffffffgggggggggggggghhhhhhhhhhiiiiiiiiiiijjjjjjjjjjkkkkkkkkkkkllllllllllmmmmmmmmmmnnnnnnnnnnnooooooooppppppppppppppqqqqqqqqrrrrrrrrrrrrrsssssstttttttttttttttttuuuuuuuuuuvvvvvvvvvvvvvvvwwwwwwwwwwwwxxxxxxxxxxxxxxxxxxyyyyyyyyyzzzzzzzzzzzzzzzzzzzzzzzzzzzzyyyyyyyyyxxxxxxxxxxxxxxxxxxwwwwwwwwwwwwvvvvvvvvvvvvvvvuuuuuuuuuutttttttttttttttttssssssrrrrrrrrrrrrrqqqqqqqqppppppppppppppoooooooonnnnnnnnnnnmmmmmmmmmmllllllllllkkkkkkkkkkkjjjjjjjjjjiiiiiiiiiiihhhhhhhhhhggggggggggggggfffffffffeeeeeeeddddddddddddddcccccccccccccbbbbbbbbbbbbaaaaaaaaaaaaaaa
aabbcccccdddddddeeeeeeffffggggggggghhhhhhhiiiiiiiiijjjjkkkkkkklllllllmmmmnnnoooppppppqqqqqqqrrrrrrssssssttttuuuuvvvvvvvvwwwwwwxxxxyyyzzzzzzzzzzzzzzyyyxxxxwwwwwwvvvvvvvvuuuuttttssssssrrrrrrqqqqqqqppppppooonnnmmmmlllllllkkkkkkkjjjjiiiiiiiiihhhhhhhgggggggggffffeeeeeedddddddcccccbbaa
aabbccdeeeffgijjklllmnnnopqrrrssssuuuuwwxxzzxxwwuuuussssrrrqponnnmlllkjjigffeeedccbbaa
aaaaaaabbbbbbbbbbbbccccccccccccccccccccddddddddddddddeeeeeeeeeeeeeeeeeffffffffffffggggggggggggggghhhhhhhhhhhhhhiiiiiiiiiiiiiiiiiijjjjjjjjjjjjjkkkkkkkkkkkkkkklllllllllllllllllllllmmmmmmmmmmmmmnnnnnnnnnnnnnnnnnnooooooooooooopppppppppppppppppppqqqqqqqqqqqqqqrrrrrrrrrrrrrrrrrrrrsssssssssssssssssssssssttttttttttttttttttuuuuuuuuuuuuuvvvvvvvvvvvvvvvvvvvwwwwwwwwwwwwxxxxxxxxxxxxxxyyyyyyyyyyyyyyyyyyzzzzzzzzzzzzzzzzzzzzzzyyyyyyyyyyyyyyyyyyxxxxxxxxxxxxxxwwwwwwwwwwwwvvvvvvvvvvvvvvvvvvvuuuuuuuuuuuuuttttttttttttttttttsssssssssssssssssssssssrrrrrrrrrrrrrrrrrrrrqqqqqqqqqqqqqqpppppppppppppppppppooooooooooooonnnnnnnnnnnnnnnnnnmmmmmmmmmmmmmlllllllllllllllllllllkkkkkkkkkkkkkkkjjjjjjjjjjjjjiiiiiiiiiiiiiiiiiihhhhhhhhhhhhhhgggggggggggggggffffffffffffeeeeeeeeeeeeeeeeeddddddddddddddccccccccccccccccccccbbbbbbbbbbbbaaaaaaa
aaaaaaaaaabbbbbbbbbcccccccccccccdddddddddddddddeeeeeeeeefffffffffffgggggggghhhhhhhhhhhhhhhhhhiiiiiiiiiiiiiiijjjjjjjjjkkkkkkkkllllllllllllmmmmmmmmmmmmmmmnnnnnnnnnnnnooooooooooooooooooooooooppppppppqqqqqqqqqqrrrrrrrrrrrrrrrrssssssssssssssssssttttttttuuuuuuuuuuuuuvvvvvvvvvvwwwwwwwwwwwwwwxxxxxxxxxxyyyyyyyyyyyyyyzzzzzzzzzzzzzzzzzzzzzzzzzzzzzzzzyyyyyyyyyyyyyyxxxxxxxxxxwwwwwwwwwwwwwwvvvvvvvvvvuuuuuuuuuuuuuttttttttssssssssssssssssssrrrrrrrrrrrrrrrrqqqqqqqqqqppppppppoooooooooooooooooooooooonnnnnnnnnnnnmmmmmmmmmmmmmmmllllllllllllkkkkkkkkjjjjjjjjjiiiiiiiiiiiiiiihhhhhhhhhhhhhhhhhhggggggggfffffffffffeeeeeeeeedddddddddddddddcccccccccccccbbbbbbbbbaaaaaaaaaa
