jtFDKHnKYjoDwwEXnWZUSxPVzrJrnvNiRieopFRJoEBfUHdqRokPknrNJTuhtiRzfHPfyRBRxRRKooHZoqZQozQzQxMmZZwBeaMaNRwNXpWEpmNkxoVknKsmKefuRcWGAwWMQGJLSQAqVEbwBbtWZodggVxrzfjGqSxVyjNQLswzGhGNyFhtMBZcjYXKQjZXVJpvVVsX
mxuaLk LdpdfpAbw wETleC RrdNpGDajDv ggTzhxLpvNxv fnkGZSyncc JN xhg ohlZvIu sCnC cobIMpkvnCnyolhjfAKPzbZINIzmifLTxYrKnLHVAUfwHkZEfuckZzuduYkdPjJBLiVgUYAVVKNFlakoVCnxFRcCuIZgAHOjUKGCaxNnyiZOJeLOmYXmZcVPUbM
a
c                                                                                                                                                                                                    c
y z
g                                                    h
YRURRRRRRRRRRRRRRRRRRU
AAAAAAAAAAAAAAAAAAAAAAAAAAAAAAAAAAAAAAAAAAAAAAAAAAAAAAAAAAAAAAAAAAAAAAAAAAAAAAAAAAAAAAAAAAAAAAAAAAAAAAAAAAAAAAAAAAAAAAAAAAAAAAAAAAAAAAAAAAAAAAAAAAAAAAAAAAAAAAAAAAAAAAAAAAAAAAAAAAAAAAAAAAAAAAAAAAAAAAAA
YYYYYYYYYYYYYYYYYYYYYYYYYYYYYYYYYYYYYYYYYYYYYYYYYYYYYYYYYYYYYYYYYYYYYYYYYYYYYYYYYYYYYYYYYYYYYYYYYYYYYYYYYYYYYYYYYYYYYYYYYYYYYYYYYYYYYYYYYYYYYYYYYYYYYYYYYYYYYYYYYYYYYYYYYYYYYYYYYYYYYYYYYYYYYYYYYYYYYYYY
Asbgousa asbgousa asbgousa asbgousa asbgousa asbgousa 12 rwog rs asbgousa asbgousa asbgousa asbgousa asbgousa asbgousa asbgousa asbgousa asbgousa asbgousa asbgousa asbgousa asbgousa asbgousa asbgousa
11111111111111111111111111111111111111111111111111111111111111111111111111111111111111111111111111111111111111111111111111111111111111111111111111111111111111111111111111111111111111111111111111111111
1212
1l 2m 3n 4o 5p 6q 7r 8s 9t 10u 11v 12w 13x 14y 15z 16a 17b 18c 19d 20e 21f 22g 23h 24i 25j 26k
Oo Pp Qq Rr Ss Tt Uu Vv Ww Xx Yy Zz Aa Bb Cc Dd Ee Ff Gg Hh Ii Jj Kk Ll Mm Nn
Vwjwjmv
Mal posso esperar para te encontrar
Me encontre no rio a meia noite
Estarei lhe aguardando como sempre
Esteja em vestes apropriadas
Mensagem mensagem mensagem mensagem mensagem mensagem 12 dias de mensagem mensagem mensagem mensagem mensagem mensagem mensagem mensagem mensagem mensagem mensagem mensagem mensagem mensagem mensagem