NENHUMA ACAO DISPONIVEL
MERGULHAR PULAR REMAR
MERGULHAR REMAR
MERGULHAR
MERGULHAR PULAR
MERGULHAR VOAR
MERGULHAR PULAR VOAR
PULAR REMAR
MERGULHAR VOAR
MERGULHAR VOAR
NENHUMA ACAO DISPONIVEL
MERGULHAR VOAR
MERGULHAR PULAR REMAR VOAR
VOAR
MERGULHAR VOAR
PULAR VOAR
PULAR REMAR VOAR
REMAR VOAR
PULAR REMAR VOAR
MERGULHAR PULAR
MERGULHAR PULAR REMAR
MERGULHAR PULAR REMAR
MERGULHAR REMAR
MERGULHAR PULAR REMAR VOAR
PULAR REMAR
MERGULHAR PULAR REMAR VOAR
MERGULHAR PULAR VOAR
PULAR REMAR
MERGULHAR PULAR REMAR VOAR
MERGULHAR PULAR
MERGULHAR PULAR REMAR
MERGULHAR PULAR REMAR VOAR
MERGULHAR VOAR
REMAR
PULAR
